✔ registry snapshots isolate provider changes and reject duplicate identities (5.072594ms)
✔ registry snapshots bind provider methods instead of retaining mutable method lookup (12.276927ms)
✔ pressure is deterministic and history compaction writes one immutable exact checkpoint (5.826868ms)
✔ crash retry reconstructs the exact result from checkpoint without reinvoking provider (5.342575ms)
✔ manifest caps fail closed before input dispatch and after provider output (1.709706ms)
✔ tool-result pruning removes result bodies while preserving identity, evidence and digest (2.618798ms)
✔ runtime rejects a provider result not bound to the exact input before checkpoint persistence (1.594625ms)
✔ runtime independently verifies provider accounting and ordered tool identities (3.628906ms)
✔ checkpoint ids are immutable and dispose never erases evidence (1.612053ms)
✔ checkpoint payloads reject nested credential-bearing fields (0.672497ms)
✔ assembles canonical precedence and records every visible source before returning (50.689901ms)
✔ source order and tool order cannot change deterministic assembled messages (31.235927ms)
✔ truncate_optional keeps recent history first and durably records whole omitted sources (27.01629ms)
✔ compact pressure atomically records exact lineage and a byte-reconstructable request (57.654164ms)
✔ session budget reserves output when a provider emits no usage telemetry (13.437099ms)
✔ required or reject-policy overflow fails before any context event is appended (17.986598ms)
✔ durable turn identity, source identity and provider ownership fail closed (9.840516ms)
✔ duplicate lineage, secret classification and nondeterministic token counters append nothing (25.57958ms)
✔ requires nominal durable stores and registry-created provider snapshots (0.434956ms)
✔ exact retries are idempotent and conservative counter uses canonical UTF-8 bytes (11.892353ms)
✔ local provider forks exact scope and joins a terminal child (89.941898ms)
✔ authority and resource widening fail before a child can exist (13.920248ms)
✔ provider identity fails before effects and a pre-checkpoint crash resumes the existing child (53.738507ms)
✔ workflow executes bounded parallel and pipeline phases with durable exact checkpoints (160.038703ms)
✔ workflow identifier cannot drift and caps fail before dispatch (23.019616ms)
✔ workflow cancellation cascades and returns with no orphan child (78.206066ms)
✔ workflow verifies provider join claims against durable child state (34.632684ms)
✔ one parent cannot dispatch concurrent workflows across engine instances beyond its durable caps (74.257077ms)
✔ an exact reclaim cannot preempt a live workflow on the same durable authority (80.786697ms)
✔ provider cancellation terminalizes the complete descendant tree (40.696968ms)
✔ join deadline cancels every child and provider parallel caps reject before fork (91.364578ms)
✔ terminal unjoined children no longer consume the live parallel cap (112.245596ms)
✔ malformed runtime result is rejected only after the child is terminalized (19.137767ms)
✔ package exposes one immutable schema version and canonical ports (1.380187ms)
✔ model and runtime manifests are strict, versioned and secret-reference-only (4.487317ms)
✔ L0-L4 capability matrix prevents overclaim and negotiates without weakening (0.890848ms)
✔ agent session and command contracts choose exactly one execution owner (3.885212ms)
✔ model requests and normalized stream events reject unknown provider data (13.27336ms)
✔ session events preserve reconstructable request and operation ownership (31.936798ms)
✔ delegated runtime events are untrusted strict boundary input (36.243678ms)
✔ runtime resume optionally carries an identity-bound delegated spec for process reattachment (1.705746ms)
✔ port inputs, resolved results, stream items and errors are executable contracts (26.973041ms)
✔ core contract source is vendor-neutral (1.345036ms)
✔ headless runtime satisfies the port and completes a durable multi-step governed tool journey (104.811423ms)
✔ tool-result pressure prunes bodies with lineage before a byte-exact continuation (69.356873ms)
✔ a second runtime resumes after durable tool completion without redispatch (47.83166ms)
✔ resume fails closed instead of replaying a partially observed provider stream (27.930694ms)
✔ cancel after restart settles a durable zero-event model step before the session terminal (25.777558ms)
✔ resume settles a terminal legacy stream without redispatching its request (15.496553ms)
✔ resume terminalizes a partial legacy stream before failing the session (26.817575ms)
✔ cumulative stream caps reserve room for a durable synthetic terminal event (30.027127ms)
✔ cancellation is durable before provider interruption and every started unit settles (31.893047ms)
✔ duration, token, tool and implementation caps terminate without unbounded work (53.070565ms)
✔ unknown sessions, delegated ownership, concurrent sends and stale resume fail closed (24.782097ms)
✔ runtime rejects forged and overridden durable session stores (9.127803ms)
✔ session and governed-operation aggregates share relational global ordering without sharing authority (34.307042ms)
✔ append and replay enforce one contiguous immutable session lifecycle (24.34472ms)
✔ model request reconstruction is canonical, immutable and source-linked (10.77081ms)
✔ crash recovery survives process reopen and exact append retry is idempotent (15.845914ms)
✔ fork records immutable lineage and cannot widen authority, policy or resource limits (27.558296ms)
✔ fork parent attachment and child creation commit atomically (6.716344ms)
✔ root, resumed appends, and forked children retain one durable trace (12.1017ms)
✔ replay fails closed when persisted trace lineage is fragmented (10.668006ms)
✔ replay fails closed when persisted causation does not reference earlier lineage (9.910509ms)
✔ root and child creation require verifiable causation anchors (9.926507ms)
✔ gaps, foreign model streams and forged relational envelopes fail closed (19.339529ms)
✔ session success cannot contradict a failed model terminal event (12.272995ms)
✔ session cancellation terminal must exactly match its durable non-deadline request (7.595126ms)
✔ incremental replay preserves full replay and rejects forged checkpoints (8.281841ms)
✔ transaction rollback cannot retain an uncommitted replay checkpoint (12.35986ms)
ℹ tests 70
ℹ suites 0
ℹ pass 70
ℹ fail 0
ℹ cancelled 0
ℹ skipped 0
ℹ todo 0
ℹ duration_ms 3265.945378
