
> hseos@4.0.0-rc.0 test:engineering-task
> node --test --test-concurrency=1 test/test-engineering-executor.js test/test-engineering-corrections.js test/test-engineering-reconciliation.js test/test-engineering-model.js test/test-engineering-task-state.js test/test-engineering-task-runtime.js test/test-engineering-workflow-runtime.js test/test-workflow-v4-cli.js test/test-v4-lazy-cli.js

✔ protected rejection diagnoses and corrects in the original session and budget (1982.140346ms)
✔ a repeated rejection exhausts the correction ceiling and cannot approve (1914.38061ms)
✔ zero correction budget never dispatches the prepared correction (1429.370371ms)
✔ workflow waits for corrected acceptance before running a dependent task (3381.776633ms)
✔ correction writes are denied until a diagnosis is bound to the rejected artifacts (1861.104849ms)
✔ Node command executes with read-only workspace, hidden controls and bounded resources (189.439126ms)
✔ Python cannot create Internet or Unix sockets (63.937813ms)
✔ output flooding is bounded and every descendant is drained (61.115672ms)
✔ cancellation eliminates a detached descendant holding output pipes (305.627705ms)
✔ parent exit drains detached descendants without waiting for their sleep (54.851905ms)
✔ forged policies and invalid budgets fail before launch (4.464163ms)
✔ a running command cannot exceed its wall-clock budget (212.26074ms)
✔ the process limit applies to the complete descendant group (80.465035ms)
✔ invalid UTF-8 cannot expand captured output beyond its byte budget (60.890257ms)
✔ memory exhaustion remains confined to the executor group (216.380046ms)
✔ resource cleanup retries a busy empty group before confirming completion (69.633982ms)
✔ persistent busy cleanup is uncertain and never confirms completion (5061.773812ms)
✔ bound engineering worker implements the task through the broker without persisting its credential (4591.669658ms)
✔ bound engineering worker corrects a rejection through the broker without persisting its credential (5508.105748ms)
✔ engineering model dispatch rejects retries and missing credentials without egress (2.44289ms)
✔ a committed write interrupted before its receipt is reconciled without repeating the effect (5874.620848ms)
✔ unexplained changes always ask, reject stale decisions, and continue only after explicit current-state confirmation (7170.249329ms)
✔ workflow recovery composes reconciliation without repeating the interrupted write (6161.880925ms)
✔ interrupted command asks before abandoning the attempt and preserves its budget (7217.013028ms)
✔ interrupted model asks before abandoning the attempt and preserves its budget (6973.306901ms)
✔ Node implementation is independently approved and survives status reopen (1890.378695ms)
✔ Python bug correction is independently approved (1541.569296ms)
✔ Node regression correction preserves zero values (1817.172232ms)
✔ a completed model response without implementation fails independent verification (2005.368435ms)
✔ incorrect code cannot pass using a successful process exit (2132.379729ms)
✔ unknown tools never execute (1175.03879ms)
✔ a create-only task resumes with its original budget and sequence (2984.111625ms)
✔ cancel persists a separate task outcome and prevents later execution (1188.95ms)
✔ cross-process cancellation waits for the running worker to drain its executor (2712.966265ms)
✔ cancellation after worker interruption reaps its executor before confirming (2732.335018ms)
✔ tampered verifier hash or acceptance is blocked before the first model turn (13.431946ms)
✔ gateway denies verifier, credential, and workspace escape paths (5865.333378ms)
✔ interruption after model completion resumes verification without replaying effects (8717.543307ms)
✔ invalid creation never poisons the durable stream (28.691599ms)
✔ snapshots require complete unique scope and accurate content digests (16.010211ms)
✔ approval requires versioned proof bound to contract, artifacts, session and isolation (16.455839ms)
✔ WorkflowEngine composes the three engineering tasks using independent outcomes (4741.038683ms)
✔ a completed model with a failed task prevents execution of dependent tasks (1373.68181ms)
✔ workflow validation rejects cycles and aggregate oversubscription before creating state (4.4919ms)
✔ workflow status and create-only resume use the canonical ledger (4590.925911ms)
✔ workflow cancellation before execution preserves all task artifacts and prevents resume (49.388955ms)
✔ workflow definition identity is protected after creation (37.052544ms)
✔ parallel tasks share the declared aggregate budget and release unused reservations (2779.060411ms)
✔ explicit migration converts eligible definitions without touching legacy history or executing tasks (67.434371ms)
✔ live workflow cancellation settles the active executor and preserves unstarted tasks (1761.869403ms)
✔ interrupted workflow blocks uncertain effects and cancellation drains the abandoned executor (7950.371752ms)
✔ interrupted workflow reclaims only a dead owner and resumes verification without repeated effects (13191.748436ms)
✔ help and structural validation do not load optional integrations or query updates (398.966591ms)
✔ fresh minimal and engineering materialization excludes optional implementations and services (596.424544ms)
✔ npx wrapper preserves literal arguments without invoking a shell (87.571102ms)
✔ public workflow CLI validates, executes and reopens a task graph (5796.269229ms)
✔ retired YAML mutations fail with migration guidance and preserve legacy state (1055.764198ms)
ℹ tests 57
ℹ suites 0
ℹ pass 57
ℹ fail 0
ℹ cancelled 0
ℹ skipped 0
ℹ todo 0
ℹ duration_ms 141837.651986
