✔ optional Antigravity client restricts SDK tools to pinned kernel actions (157.340786ms)
✔ loader preserves legacy configuration and constructs only registered lazy adapters (42.677107ms)
✔ loader refuses state override, directory drift and replaced ledger before factory effects (20.131076ms)
✔ loader preserves temporary ledger activation gate (17.526701ms)
✔ loader validates all references and manifests before invoking any factory (19.065482ms)
✔ loader checks observed digest and adapter interface, sanitizing factory exceptions (19.657162ms)
✔ loader rechecks ledger identity after factory construction (18.660808ms)
✔ loader rejects malformed, oversized, symlink and hardlink configurations (19.178301ms)
✔ CLI, JavaScript, Python and HTTP share identity, task results and replayable event cursors (2047.488712ms)
✔ authenticated control rejects wrong identity, origins, workspace escalation and stale commands (808.005445ms)
✔ an intent without receipt is not automatically dispatched again (798.244765ms)
✔ review binds approval to Git baseline and only explicit apply modifies the source project (1761.433276ms)
✔ concurrent source edits invalidate the prior review and are preserved (1727.924355ms)
✔ public preparation pins the current workspace and cannot expand the server allowlist (62.33383ms)
✔ workflows reuse the same API control and aggregate kernel budget (1931.656289ms)
✔ HTTP rejects malformed, oversized and unsupported requests without exposing internal errors (821.03906ms)
✔ SDK rejects remote endpoints, malformed cursors and invalid query views (0.403927ms)
✔ candidate edits after approval invalidate review without applying unverified bytes (1760.180448ms)
✔ control rejects model ambiguity, unknown bindings and duplicate resources before effects (847.132504ms)
✔ Git application never invokes configured filesystem monitors or external diff commands (1784.656053ms)
✔ published package exposes runtime and governance assets only (1614.960588ms)
✔ real API adapter is lazy, observes selected credential and USD balance, and streams through existing egress broker (52.882733ms)
✔ API adapter refuses credential and binding drift before network effects (10.373221ms)
✔ API adapter refuses unsupported origin, insufficient reservation and expired pricing (7.183216ms)
✔ balance observation cannot invent quota or convert currencies (11.082639ms)
✔ missing usage, cancellation and unknown task never become successful receipts (9.674965ms)
✔ API adapter cancellation aborts the broker request and drains its connection (6.089476ms)
✔ API adapter and campaign integrate credential admission, monetary quota and reservation before dispatch (289.899052ms)
✔ campaign reserves before dispatch, replays receipts and preserves consumption after reopening (52.042046ms)
✔ a new campaign identity cannot reuse authorization or manufacture a larger budget (19.953966ms)
✔ ambiguous credentials, logout, expired observations and unavailable quota cannot dispatch (24.580003ms)
✔ receipt loss preserves the reservation and requires current-state reconciliation without retry (25.819921ms)
✔ a second controller cannot reconcile a live dispatch and can cancel it durably (73.478438ms)
✔ a changed binding manifest cannot replace the pinned configuration after reopening (25.160191ms)
✔ HTTP and SDK campaign commands share authentication, cursors and durable budget (220.734828ms)
✔ known overspend remains charged after uncertain outcome reconciliation (25.42097ms)
✔ expired grants, stale sequences and cancellation deny new effects (27.918371ms)
✔ unbound adapter identities and missing dispatch implementations cannot configure campaigns (20.108548ms)
✔ a concurrent exact retry observes the committed receipt without a second dispatch (22.041771ms)
✔ a request ceiling holds even when prior attempts report zero charge (28.378051ms)
✔ failed inspection never consumes an authorization or leaks transport details (19.637447ms)
✔ client and subordinate model reserve in one campaign before effect and preserve costs on reopen (28.126491ms)
✔ subordinate budget cannot bypass the campaign ceiling (23.259513ms)
✔ a child with a lost receipt retains its reservation and fences even a parent that catches its error (27.166966ms)
✔ subordinate capability expires when parent finishes and cannot target an unpinned binding (22.703478ms)
✔ campaign cancellation reaches parent and child and waits for child termination (28.128121ms)
✔ shutdown cancels and drains a composed call before returning, and fences future effects (28.806576ms)
✔ denied task scope is checked before resolving provider credentials or probing its API (20.022883ms)
✔ runner completes a bounded pilot, checks replay and can restart without repeating inference or resetting budget (53.883138ms)
✔ four-family scope fails before authorization claim if families are missing (17.06655ms)
✔ runner preserves uncertain effects across restart and never advances or cancels them implicitly (22.398592ms)
✔ runner rejects duplicate command identity and unexpected vendor before effects (16.905961ms)
✔ runner operates through authenticated HTTP and the public SDK (424.5673ms)
✔ official routes distinguish native accounts, API and local bindings without claiming certification (5.914535ms)
✔ route confusion, unknown quota, capability claims, secrets and unbounded reservations fail closed (2.55096ms)
✔ binding drift is rejected and declared control evidence does not certify a real journey (0.296128ms)
✔ authenticated HTTP, JS, Python and CLI share terminal identity and cursor (1081.952433ms)
✔ interactive attach streams bytes, serializes input/resize, and detaches without terminate (101.627959ms)
✔ attach restores terminal on rejection and ends at the durable cursor (103.159931ms)
✔ attach releases listeners when enabling raw mode fails (1.951849ms)
✔ attach fences queued input after an uncertain command (102.294888ms)
✔ attach reports partial input instead of silently discarding its suffix (102.78037ms)
✔ detach rejects later data, EOF and resize while draining earlier input (false) (0.423601ms)
✔ detach rejects later data, EOF and resize while draining earlier input (true) (0.250411ms)
ℹ tests 64
ℹ suites 0
ℹ pass 64
ℹ fail 0
ℹ cancelled 0
ℹ skipped 0
ℹ todo 0
ℹ duration_ms 21492.066226
