heavy-run: modo pinned na CPU 1, MemoryMax=3G (load1=3.88 phys=6 avail=23883MiB need=3G mem.psi=0.00 io.psi.full=0.00)
W4 containment: /sys/fs/cgroup/user.slice/user-1000.slice/user@1000.service/app.slice/hseos-w4-task-model-node22.scope memory.max= 3221225472 affinity= [1]
TAP version 13
# Subtest: loader preserves legacy configuration and constructs only registered lazy adapters
ok 1 - loader preserves legacy configuration and constructs only registered lazy adapters
  ---
  duration_ms: 56.963544
  type: 'test'
  ...
# Subtest: loader refuses state override, directory drift and replaced ledger before factory effects
ok 2 - loader refuses state override, directory drift and replaced ledger before factory effects
  ---
  duration_ms: 24.492816
  type: 'test'
  ...
# Subtest: loader preserves temporary ledger activation gate
ok 3 - loader preserves temporary ledger activation gate
  ---
  duration_ms: 16.976481
  type: 'test'
  ...
# Subtest: loader validates all references and manifests before invoking any factory
ok 4 - loader validates all references and manifests before invoking any factory
  ---
  duration_ms: 17.857687
  type: 'test'
  ...
# Subtest: loader checks observed digest and adapter interface, sanitizing factory exceptions
ok 5 - loader checks observed digest and adapter interface, sanitizing factory exceptions
  ---
  duration_ms: 20.221771
  type: 'test'
  ...
# Subtest: loader rechecks ledger identity after factory construction
ok 6 - loader rechecks ledger identity after factory construction
  ---
  duration_ms: 17.974121
  type: 'test'
  ...
# Subtest: loader rejects malformed, oversized, symlink and hardlink configurations
ok 7 - loader rejects malformed, oversized, symlink and hardlink configurations
  ---
  duration_ms: 19.251952
  type: 'test'
  ...
# Subtest: extension catalog remains frozen data and does not resolve unselected code on load
ok 8 - extension catalog remains frozen data and does not resolve unselected code on load
  ---
  duration_ms: 17.175148
  type: 'test'
  ...
# Subtest: non-plugin adapters still require their explicit binding file
ok 9 - non-plugin adapters still require their explicit binding file
  ---
  duration_ms: 16.369636
  type: 'test'
  ...
# Subtest: create-only pins authorized model identity; resume reserves the original campaign and verifies the task
ok 10 - create-only pins authorized model identity; resume reserves the original campaign and verifies the task
  ---
  duration_ms: 2032.399198
  type: 'test'
  ...
# Subtest: model tool proposal is executed by the task gateway and independently accepted
ok 11 - model tool proposal is executed by the task gateway and independently accepted
  ---
  duration_ms: 1959.469646
  type: 'test'
  ...
# Subtest: public campaign dispatch without a prepared plugin request cannot reserve or execute
ok 12 - public campaign dispatch without a prepared plugin request cannot reserve or execute
  ---
  duration_ms: 49.19726
  type: 'test'
  ...
# Subtest: model ambiguity, unauthorized task and changed association fail before effects
ok 13 - model ambiguity, unauthorized task and changed association fail before effects
  ---
  duration_ms: 873.629429
  type: 'test'
  ...
# Subtest: task cancellation drains its model without cancelling the shared campaign
ok 14 - task cancellation drains its model without cancelling the shared campaign
  ---
  duration_ms: 2548.399197
  type: 'test'
  ...
# Subtest: owner shutdown reaches facade requests and waits for process drain
ok 15 - owner shutdown reaches facade requests and waits for process drain
  ---
  duration_ms: 1669.094817
  type: 'test'
  ...
# Subtest: malformed model output preserves uncertain reservation and blocks task acceptance
ok 16 - malformed model output preserves uncertain reservation and blocks task acceptance
  ---
  duration_ms: 1767.199048
  type: 'test'
  ...
# Subtest: local binding loader inspects only declared selection without starting plugin code
ok 17 - local binding loader inspects only declared selection without starting plugin code
  ---
  duration_ms: 62.97673
  type: 'test'
  ...
# Subtest: a new controller restores the same task and campaign; catalog drift never swaps an in-flight selection
ok 18 - a new controller restores the same task and campaign; catalog drift never swaps an in-flight selection
  ---
  duration_ms: 1882.20728
  type: 'test'
  ...
# Subtest: lost campaign receipt keeps model result uncertain without replaying its process
ok 19 - lost campaign receipt keeps model result uncertain without replaying its process
  ---
  duration_ms: 1793.39517
  type: 'test'
  ...
# Subtest: model binding derivation preserves exact manifest, shared lifecycle and denies new authorization
ok 20 - model binding derivation preserves exact manifest, shared lifecycle and denies new authorization
  ---
  duration_ms: 52.132429
  type: 'test'
  ...
# Subtest: task deadline and invalid model pins fail before reserve
ok 21 - task deadline and invalid model pins fail before reserve
  ---
  duration_ms: 59.570989
  type: 'test'
  ...
# Subtest: same UUIDs and manifests in a different ledger cannot reset the task campaign
ok 22 - same UUIDs and manifests in a different ledger cannot reset the task campaign
  ---
  duration_ms: 931.225784
  type: 'test'
  ...
# Subtest: created replay rejects mixed model authority and direct unregistered execution
ok 23 - created replay rejects mixed model authority and direct unregistered execution
  ---
  duration_ms: 922.718504
  type: 'test'
  ...
# Subtest: control configuration loads a local plugin binding without an unused binding file or plugin effect
ok 24 - control configuration loads a local plugin binding without an unused binding file or plugin effect
  ---
  duration_ms: 51.930553
  type: 'test'
  ...
# Subtest: create-only pins context without executing it; resume assembles provenance and spends its slot
ok 25 - create-only pins context without executing it; resume assembles provenance and spends its slot
  ---
  duration_ms: 2030.403167
  type: 'test'
  ...
# Subtest: selected tool runs through task gateway and consumes the session invocation limit
ok 26 - selected tool runs through task gateway and consumes the session invocation limit
  ---
  duration_ms: 1162.424495
  type: 'test'
  ...
# Subtest: context uses the last slot and prevents a subsequent model tool from executing
ok 27 - context uses the last slot and prevents a subsequent model tool from executing
  ---
  duration_ms: 945.098723
  type: 'test'
  ...
# Subtest: catalog drift on resume is rejected before effects while read-only queries need no catalog
ok 28 - catalog drift on resume is rejected before effects while read-only queries need no catalog
  ---
  duration_ms: 857.201574
  type: 'test'
  ...
# Subtest: confirmed context receipt can be reconstructed without another plugin launch
ok 29 - confirmed context receipt can be reconstructed without another plugin launch
  ---
  duration_ms: 972.011105
  type: 'test'
  ...
# Subtest: live cancellation during context collection drains the plugin and never dispatches a model
ok 30 - live cancellation during context collection drains the plugin and never dispatches a model
  ---
  duration_ms: 1701.001091
  type: 'test'
  ...
# Subtest: control accepts only selected IDs and terminals cannot consume context-reserved capacity
ok 31 - control accepts only selected IDs and terminals cannot consume context-reserved capacity
  ---
  duration_ms: 888.406174
  type: 'test'
  ...
# Subtest: invalid configuration, unsupported ports and excessive context reservation fail before a plugin effect
ok 32 - invalid configuration, unsupported ports and excessive context reservation fail before a plugin effect
  ---
  duration_ms: 150.018984
  type: 'test'
  ...
# Subtest: invalid and excessive context output cannot reach a model or verifier approval
ok 33 - invalid and excessive context output cannot reach a model or verifier approval
  ---
  duration_ms: 2073.60643
  type: 'test'
  ...
# Subtest: context approval is never auto-granted and pre-abort or expiry cannot dispatch
ok 34 - context approval is never auto-granted and pre-abort or expiry cannot dispatch
  ---
  duration_ms: 913.500346
  type: 'test'
  ...
# Subtest: uncertain plugin teardown blocks acceptance and remains visible after reopening task state
ok 35 - uncertain plugin teardown blocks acceptance and remains visible after reopening task state
  ---
  duration_ms: 2187.738619
  type: 'test'
  ...
# Subtest: v2 pins a local plugin without weakening v1 routes or inventing account certification
ok 36 - v2 pins a local plugin without weakening v1 routes or inventing account certification
  ---
  duration_ms: 63.271447
  type: 'test'
  ...
# Subtest: local dispatch sees a durable reservation and persists output for replay after reopening
ok 37 - local dispatch sees a durable reservation and persists output for replay after reopening
  ---
  duration_ms: 142.496938
  type: 'test'
  ...
# Subtest: unknown capability, oversized input, foreign campaign and direct run fail before effects
ok 38 - unknown capability, oversized input, foreign campaign and direct run fail before effects
  ---
  duration_ms: 39.242483
  type: 'test'
  ...
# Subtest: lost receipt after output remains committed and never dispatches the uncertain request twice
ok 39 - lost receipt after output remains committed and never dispatches the uncertain request twice
  ---
  duration_ms: 156.638656
  type: 'test'
  ...
# Subtest: campaign limits and one-time authorization cannot be reset by an extension
ok 40 - campaign limits and one-time authorization cannot be reset by an extension
  ---
  duration_ms: 372.201331
  type: 'test'
  ...
# Subtest: malformed provider output conserves uncertainty instead of writing a successful receipt
ok 41 - malformed provider output conserves uncertainty instead of writing a successful receipt
  ---
  duration_ms: 129.170815
  type: 'test'
  ...
# Subtest: cancellation drains isolated work before a cancelled campaign receipt
ok 42 - cancellation drains isolated work before a cancelled campaign receipt
  ---
  duration_ms: 209.479153
  type: 'test'
  ...
# Subtest: same request cannot expose a previous task result through another task binding
ok 43 - same request cannot expose a previous task result through another task binding
  ---
  duration_ms: 154.535208
  type: 'test'
  ...
# Subtest: changed binding limits or output contracts cannot join an existing campaign
ok 44 - changed binding limits or output contracts cannot join an existing campaign
  ---
  duration_ms: 38.202365
  type: 'test'
  ...
# Subtest: pre-abort, invalid signal and closed ports cannot reserve work
ok 45 - pre-abort, invalid signal and closed ports cannot reserve work
  ---
  duration_ms: 22.110121
  type: 'test'
  ...
# Subtest: concurrent duplicate requests cannot launch a second process and close drains the first
ok 46 - concurrent duplicate requests cannot launch a second process and close drains the first
  ---
  duration_ms: 154.940659
  type: 'test'
  ...
# Subtest: oversized output remains uncertain and cannot release the consumed request
ok 47 - oversized output remains uncertain and cannot release the consumed request
  ---
  duration_ms: 135.967649
  type: 'test'
  ...
# Subtest: host response validation identity is pinned and requires a synchronous validator
ok 48 - host response validation identity is pinned and requires a synchronous validator
  ---
  duration_ms: 44.099865
  type: 'test'
  ...
# Subtest: model manifest is lazy, registry-compatible and stream identity survives durable replay
ok 49 - model manifest is lazy, registry-compatible and stream identity survives durable replay
  ---
  duration_ms: 210.444447
  type: 'test'
  ...
# Subtest: model tool proposals are normalized and undeclared tools fail without execution
ok 50 - model tool proposals are normalized and undeclared tools fail without execution
  ---
  duration_ms: 239.91458
  type: 'test'
  ...
# Subtest: model rejects unknown selection, capabilities and concurrent reservations before dispatch
ok 51 - model rejects unknown selection, capabilities and concurrent reservations before dispatch
  ---
  duration_ms: 55.486645
  type: 'test'
  ...
# Subtest: model cancellation drains pending work and unstarted reservations cannot leak
ok 52 - model cancellation drains pending work and unstarted reservations cannot leak
  ---
  duration_ms: 94.602506
  type: 'test'
  ...
# Subtest: model output over requested budget retains uncertainty and cannot close safely
ok 53 - model output over requested budget retains uncertainty and cannot close safely
  ---
  duration_ms: 154.445043
  type: 'test'
  ...
# Subtest: uncertain model output cannot be reported as completed or disposed safely
ok 54 - uncertain model output cannot be reported as completed or disposed safely
  ---
  duration_ms: 155.417335
  type: 'test'
  ...
# Subtest: runtime uses the existing L0 lifecycle with verified port results and durable campaign effects
ok 55 - runtime uses the existing L0 lifecycle with verified port results and durable campaign effects
  ---
  duration_ms: 149.916699
  type: 'test'
  ...
# Subtest: runtime refuses cross-session cancellation and drains valid cancellation
ok 56 - runtime refuses cross-session cancellation and drains valid cancellation
  ---
  duration_ms: 103.738805
  type: 'test'
  ...
# Subtest: runtime never emits a terminal success when the plugin response is uncertain
ok 57 - runtime never emits a terminal success when the plugin response is uncertain
  ---
  duration_ms: 135.653067
  type: 'test'
  ...
# Subtest: cancelling buffered model output emits no later text or tool proposals
ok 58 - cancelling buffered model output emits no later text or tool proposals
  ---
  duration_ms: 171.242611
  type: 'test'
  ...
# Subtest: uncertain executor teardown cannot be hidden by closing the model iterator
ok 59 - uncertain executor teardown cannot be hidden by closing the model iterator
  ---
  duration_ms: 131.025634
  type: 'test'
  ...
# > hseos@4.0.0-rc.0 prepare
# > command -v husky >/dev/null 2>&1 && husky || exit 0
# Subtest: published package exposes runtime and governance assets only
ok 60 - published package exposes runtime and governance assets only
  ---
  duration_ms: 3238.025415
  type: 'test'
  ...
# Subtest: campaign reserves before dispatch, replays receipts and preserves consumption after reopening
ok 61 - campaign reserves before dispatch, replays receipts and preserves consumption after reopening
  ---
  duration_ms: 55.089429
  type: 'test'
  ...
# Subtest: a new campaign identity cannot reuse authorization or manufacture a larger budget
ok 62 - a new campaign identity cannot reuse authorization or manufacture a larger budget
  ---
  duration_ms: 25.4713
  type: 'test'
  ...
# Subtest: ambiguous credentials, logout, expired observations and unavailable quota cannot dispatch
ok 63 - ambiguous credentials, logout, expired observations and unavailable quota cannot dispatch
  ---
  duration_ms: 34.311879
  type: 'test'
  ...
# Subtest: receipt loss preserves the reservation and requires current-state reconciliation without retry
ok 64 - receipt loss preserves the reservation and requires current-state reconciliation without retry
  ---
  duration_ms: 31.754751
  type: 'test'
  ...
# Subtest: a second controller cannot reconcile a live dispatch and can cancel it durably
ok 65 - a second controller cannot reconcile a live dispatch and can cancel it durably
  ---
  duration_ms: 72.792678
  type: 'test'
  ...
# Subtest: a changed binding manifest cannot replace the pinned configuration after reopening
ok 66 - a changed binding manifest cannot replace the pinned configuration after reopening
  ---
  duration_ms: 19.851637
  type: 'test'
  ...
# Subtest: HTTP and SDK campaign commands share authentication, cursors and durable budget
ok 67 - HTTP and SDK campaign commands share authentication, cursors and durable budget
  ---
  duration_ms: 275.608615
  type: 'test'
  ...
# Subtest: known overspend remains charged after uncertain outcome reconciliation
ok 68 - known overspend remains charged after uncertain outcome reconciliation
  ---
  duration_ms: 31.737763
  type: 'test'
  ...
# Subtest: expired grants, stale sequences and cancellation deny new effects
ok 69 - expired grants, stale sequences and cancellation deny new effects
  ---
  duration_ms: 30.336479
  type: 'test'
  ...
# Subtest: unbound adapter identities and missing dispatch implementations cannot configure campaigns
ok 70 - unbound adapter identities and missing dispatch implementations cannot configure campaigns
  ---
  duration_ms: 30.514973
  type: 'test'
  ...
# Subtest: a concurrent exact retry observes the committed receipt without a second dispatch
ok 71 - a concurrent exact retry observes the committed receipt without a second dispatch
  ---
  duration_ms: 21.689875
  type: 'test'
  ...
# Subtest: a request ceiling holds even when prior attempts report zero charge
ok 72 - a request ceiling holds even when prior attempts report zero charge
  ---
  duration_ms: 28.52437
  type: 'test'
  ...
# Subtest: failed inspection never consumes an authorization or leaks transport details
ok 73 - failed inspection never consumes an authorization or leaks transport details
  ---
  duration_ms: 19.376886
  type: 'test'
  ...
# Subtest: client and subordinate model reserve in one campaign before effect and preserve costs on reopen
ok 74 - client and subordinate model reserve in one campaign before effect and preserve costs on reopen
  ---
  duration_ms: 46.023416
  type: 'test'
  ...
# Subtest: subordinate budget cannot bypass the campaign ceiling
ok 75 - subordinate budget cannot bypass the campaign ceiling
  ---
  duration_ms: 22.681569
  type: 'test'
  ...
# Subtest: a child with a lost receipt retains its reservation and fences even a parent that catches its error
ok 76 - a child with a lost receipt retains its reservation and fences even a parent that catches its error
  ---
  duration_ms: 29.439789
  type: 'test'
  ...
# Subtest: subordinate capability expires when parent finishes and cannot target an unpinned binding
ok 77 - subordinate capability expires when parent finishes and cannot target an unpinned binding
  ---
  duration_ms: 22.136205
  type: 'test'
  ...
# Subtest: campaign cancellation reaches parent and child and waits for child termination
ok 78 - campaign cancellation reaches parent and child and waits for child termination
  ---
  duration_ms: 26.892282
  type: 'test'
  ...
# Subtest: shutdown cancels and drains a composed call before returning, and fences future effects
ok 79 - shutdown cancels and drains a composed call before returning, and fences future effects
  ---
  duration_ms: 38.353004
  type: 'test'
  ...
# Subtest: denied task scope is checked before resolving provider credentials or probing its API
ok 80 - denied task scope is checked before resolving provider credentials or probing its API
  ---
  duration_ms: 20.062414
  type: 'test'
  ...
# Subtest: shutdown aborts and waits for admission probes before the ledger can close
ok 81 - shutdown aborts and waits for admission probes before the ledger can close
  ---
  duration_ms: 30.900051
  type: 'test'
  ...
# Subtest: request quota cannot conceal an observed monetary deficit
ok 82 - request quota cannot conceal an observed monetary deficit
  ---
  duration_ms: 19.325367
  type: 'test'
  ...
# Subtest: Python Antigravity capability reaches the same campaign reservation before the subordinate effect
ok 83 - Python Antigravity capability reaches the same campaign reservation before the subordinate effect
  ---
  duration_ms: 136.356855
  type: 'test'
  ...
# Subtest: known session resume keeps binding, task and campaign budget pinned
ok 84 - known session resume keeps binding, task and campaign budget pinned
  ---
  duration_ms: 31.69381
  type: 'test'
  ...
# Subtest: unknown quota requires an explicit expiring owner exception and never overrides exhaustion
ok 85 - unknown quota requires an explicit expiring owner exception and never overrides exhaustion
  ---
  duration_ms: 23.778153
  type: 'test'
  ...
# Subtest: quota exceptions cannot expand authorization scope or expiration
ok 86 - quota exceptions cannot expand authorization scope or expiration
  ---
  duration_ms: 17.64341
  type: 'test'
  ...
# Subtest: terminal account client composes without changing identity or enabling recursive children
ok 87 - terminal account client composes without changing identity or enabling recursive children
  ---
  duration_ms: 30.464166
  type: 'test'
  ...
1..87
# tests 87
# suites 0
# pass 87
# fail 0
# cancelled 0
# skipped 0
# todo 0
# duration_ms 41694.984094
