✔ CLI, JavaScript, Python and HTTP share identity, task results and replayable event cursors (2035.148946ms)
✔ authenticated control rejects wrong identity, origins, workspace escalation and stale commands (814.179707ms)
✔ an intent without receipt is not automatically dispatched again (806.146517ms)
✔ review binds approval to Git baseline and only explicit apply modifies the source project (1850.466979ms)
✔ concurrent source edits invalidate the prior review and are preserved (1740.786701ms)
✔ public preparation pins the current workspace and cannot expand the server allowlist (65.231085ms)
✔ workflows reuse the same API control and aggregate kernel budget (1964.76576ms)
✔ HTTP rejects malformed, oversized and unsupported requests without exposing internal errors (814.736575ms)
✔ SDK rejects remote endpoints, malformed cursors and invalid query views (0.408696ms)
✔ candidate edits after approval invalidate review without applying unverified bytes (1765.395788ms)
✔ control rejects model ambiguity, unknown bindings and duplicate resources before effects (856.036608ms)
✔ Git application never invokes configured filesystem monitors or external diff commands (1784.033457ms)
✔ published package exposes runtime and governance assets only (1579.804118ms)
✔ campaign reserves before dispatch, replays receipts and preserves consumption after reopening (50.801302ms)
✔ a new campaign identity cannot reuse authorization or manufacture a larger budget (21.354783ms)
✔ ambiguous credentials, logout, expired observations and unavailable quota cannot dispatch (21.468763ms)
✔ receipt loss preserves the reservation and requires current-state reconciliation without retry (24.916507ms)
✔ a second controller cannot reconcile a live dispatch and can cancel it durably (74.27689ms)
✔ a changed binding manifest cannot replace the pinned configuration after reopening (28.861716ms)
✔ HTTP and SDK campaign commands share authentication, cursors and durable budget (222.123166ms)
✔ known overspend remains charged after uncertain outcome reconciliation (24.080892ms)
✔ expired grants, stale sequences and cancellation deny new effects (24.573505ms)
✔ unbound adapter identities and missing dispatch implementations cannot configure campaigns (21.144604ms)
✔ a concurrent exact retry observes the committed receipt without a second dispatch (21.959899ms)
✔ a request ceiling holds even when prior attempts report zero charge (33.00746ms)
✔ failed inspection never consumes an authorization or leaks transport details (19.58913ms)
✔ official routes distinguish native accounts, API and local bindings without claiming certification (6.002709ms)
✔ route confusion, unknown quota, capability claims, secrets and unbounded reservations fail closed (2.366188ms)
✔ binding drift is rejected and declared control evidence does not certify a real journey (0.283968ms)
✔ authenticated HTTP, JS, Python and CLI share terminal identity and cursor (1103.644174ms)
✔ interactive attach streams bytes, serializes input/resize, and detaches without terminate (102.570633ms)
✔ attach restores terminal on rejection and ends at the durable cursor (103.103294ms)
✔ attach releases listeners when enabling raw mode fails (1.959111ms)
✔ attach fences queued input after an uncertain command (101.308976ms)
✔ attach reports partial input instead of silently discarding its suffix (102.378646ms)
✔ detach rejects later data, EOF and resize while draining earlier input (false) (2.096488ms)
✔ detach rejects later data, EOF and resize while draining earlier input (true) (1.362341ms)
ℹ tests 37
ℹ suites 0
ℹ pass 37
ℹ fail 0
ℹ cancelled 0
ℹ skipped 0
ℹ todo 0
ℹ duration_ms 19545.944422
