✖ documentation remains provider-neutral and HSEOS-owned (87.085425ms)
ℹ tests 1
ℹ suites 0
ℹ pass 0
ℹ fail 1
ℹ cancelled 0
ℹ skipped 0
ℹ todo 0
ℹ duration_ms 167.138902

✖ failing tests:

test at test/test-documentation-neutrality.js:29:1
✖ documentation remains provider-neutral and HSEOS-owned (87.085425ms)
  AssertionError [ERR_ASSERTION]: Expected values to be strictly deep-equal:
  + actual - expected
  
  + [
  +   'docs/evolution/COMPARISON-2026-09-25.md: restricted provider reference',
  +   'docs/evolution/PLAN.md: restricted provider reference'
  + ]
  - []
  
      at TestContext.<anonymous> (/workspace/github/marciohideaki/enterprise-hseos/.worktrees/hseos-evolution-w0/test/test-documentation-neutrality.js:44:10)
      at Test.runInAsyncScope (node:async_hooks:227:14)
      at Test.run (node:internal/test_runner/test:1201:25)
      at Test.start (node:internal/test_runner/test:1096:17)
      at startSubtestAfterBootstrap (node:internal/test_runner/harness:385:17) {
    generatedMessage: true,
    code: 'ERR_ASSERTION',
    actual: [ 'docs/evolution/COMPARISON-2026-09-25.md: restricted provider reference', 'docs/evolution/PLAN.md: restricted provider reference' ],
    expected: [],
    operator: 'deepStrictEqual',
    diff: 'simple'
  }
