heavy-run: modo pinned na CPU 1, MemoryMax=3G (load1=2.12 phys=6 avail=23920MiB need=3G mem.psi=0.00 io.psi.full=0.01)
W4 containment: /sys/fs/cgroup/user.slice/user-1000.slice/user@1000.service/app.slice/hseos-w4-task-ext-final24.scope memory.max= 3221225472 affinity= [1]
✔ loader preserves legacy configuration and constructs only registered lazy adapters (34.285556ms)
✔ loader refuses state override, directory drift and replaced ledger before factory effects (18.658935ms)
✔ loader preserves temporary ledger activation gate (17.251029ms)
✔ loader validates all references and manifests before invoking any factory (20.271499ms)
✔ loader checks observed digest and adapter interface, sanitizing factory exceptions (19.909028ms)
✔ loader rechecks ledger identity after factory construction (18.323381ms)
✔ loader rejects malformed, oversized, symlink and hardlink configurations (20.574829ms)
✔ extension catalog remains frozen data and does not resolve unselected code on load (17.248555ms)
✔ engineering tools reject workspace substitution and forged execution policy (13.515025ms)
✔ scoped reads reject hard links, symbolic links, invalid UTF-8 and directories (4.356147ms)
✔ nested scope remains confined when its parent is replaced with a symlink (3.152495ms)
✔ artifact budgets are aggregate and write preconditions cannot be bypassed (5.248764ms)
✔ decision reader accepts bounded explicit answers and rejects ambiguous files (11.731238ms)
✔ unknown owners, terminal tasks and exhausted budgets never permit automatic continuation (1.92083ms)
✔ CLI, JavaScript, Python and HTTP share identity, task results and replayable event cursors (2348.107175ms)
✔ authenticated control rejects wrong identity, origins, workspace escalation and stale commands (866.250651ms)
✔ an intent without receipt is not automatically dispatched again (854.579666ms)
✔ review binds approval to Git baseline and only explicit apply modifies the source project (1909.941347ms)
✔ concurrent source edits invalidate the prior review and are preserved (1884.457557ms)
✔ public preparation pins the current workspace and cannot expand the server allowlist (68.577797ms)
✔ workflows reuse the same API control and aggregate kernel budget (2160.789601ms)
✔ HTTP rejects malformed, oversized and unsupported requests without exposing internal errors (861.840193ms)
✔ SDK rejects remote endpoints, malformed cursors and invalid query views (0.635751ms)
✔ candidate edits after approval invalidate review without applying unverified bytes (1891.101008ms)
✔ control rejects model ambiguity, unknown bindings and duplicate resources before effects (897.402224ms)
✔ Git application never invokes configured filesystem monitors or external diff commands (1925.6921ms)
✔ protected rejection diagnoses and corrects in the original session and budget (1475.815107ms)
✔ a repeated rejection exhausts the correction ceiling and cannot approve (1349.441432ms)
✔ zero correction budget never dispatches the prepared correction (980.956545ms)
✔ workflow waits for corrected acceptance before running a dependent task (2455.488991ms)
✔ correction writes are denied until a diagnosis is bound to the rejected artifacts (1593.638158ms)
✔ replay rejects a correction request altered after the protected review (1856.849639ms)
✔ bound engineering worker implements the task through the broker without persisting its credential (4592.683176ms)
✔ bound engineering worker corrects a rejection through the broker without persisting its credential (5582.827499ms)
✔ engineering model dispatch rejects retries and missing credentials without egress (6.190781ms)
✔ a committed write interrupted before its receipt is reconciled without repeating the effect (6427.173276ms)
✔ unexplained changes always ask, reject stale decisions, and continue only after explicit current-state confirmation (5487.207562ms)
✔ workflow recovery composes reconciliation without repeating the interrupted write (4390.950558ms)
✔ interrupted command asks before abandoning the attempt and preserves its budget (5058.224263ms)
✔ interrupted model asks before abandoning the attempt and preserves its budget (5097.795871ms)
✔ a project patch interrupted after its effect requires a decision and is never automatically repeated (5310.034922ms)
✔ a completed patch receipt explains its change when a later command is interrupted (3212.3012ms)
✔ create-only pins context without executing it; resume assembles provenance and spends its slot (2011.404185ms)
✔ selected tool runs through task gateway and consumes the session invocation limit (1185.49875ms)
✔ context uses the last slot and prevents a subsequent model tool from executing (979.827281ms)
✔ catalog drift on resume is rejected before effects while read-only queries need no catalog (853.102285ms)
✔ confirmed context receipt can be reconstructed without another plugin launch (991.322457ms)
✔ live cancellation during context collection drains the plugin and never dispatches a model (1730.542317ms)
✔ control accepts only selected IDs and terminals cannot consume context-reserved capacity (928.110243ms)
✔ invalid configuration, unsupported ports and excessive context reservation fail before a plugin effect (177.072214ms)
✔ invalid and excessive context output cannot reach a model or verifier approval (2410.032494ms)
✔ context approval is never auto-granted and pre-abort or expiry cannot dispatch (1075.326821ms)
✔ uncertain plugin teardown blocks acceptance and remains visible after reopening task state (2144.879003ms)
✔ Node implementation is independently approved and survives status reopen (1365.087587ms)
✔ Python bug correction is independently approved (1016.980468ms)
✔ Node regression correction preserves zero values (1220.806374ms)
✔ a completed model response without implementation fails independent verification (1350.017523ms)
✔ incorrect code cannot pass using a successful process exit (1487.833161ms)
✔ unknown tools never execute (821.298723ms)
✔ a create-only task resumes with its original budget and sequence (1997.686329ms)
✔ cancel persists a separate task outcome and prevents later execution (781.639567ms)
✔ cross-process cancellation waits for the running worker to drain its executor (2300.819619ms)
✔ cancellation after worker interruption reaps its executor before confirming (2204.119185ms)
✔ tampered verifier hash or acceptance is blocked before the first model turn (39.254853ms)
✔ gateway denies verifier, credential, and workspace escape paths (4165.603837ms)
✔ interruption after model completion resumes verification without replaying effects (7782.085237ms)
✔ invalid creation never poisons the durable stream (35.634642ms)
✔ snapshots require complete unique scope and accurate content digests (25.291554ms)
✔ approval requires versioned proof bound to contract, artifacts, session and isolation (25.353437ms)
✔ WorkflowEngine composes the three engineering tasks using independent outcomes (3339.114425ms)
✔ a completed model with a failed task prevents execution of dependent tasks (934.542305ms)
✔ workflow validation rejects cycles and aggregate oversubscription before creating state (6.450571ms)
✔ workflow status and create-only resume use the canonical ledger (3228.292776ms)
✔ workflow cancellation before execution preserves all task artifacts and prevents resume (65.099907ms)
✔ workflow definition identity is protected after creation (36.50259ms)
✔ parallel tasks share the declared aggregate budget and release unused reservations (2035.673762ms)
✔ explicit migration converts eligible definitions without touching legacy history or executing tasks (67.835322ms)
✔ live workflow cancellation settles the active executor and preserves unstarted tasks (1667.351196ms)
✔ interrupted workflow blocks uncertain effects and cancellation drains the abandoned executor (7450.385413ms)
✔ interrupted workflow reclaims only a dead owner and resumes verification without repeated effects (10812.488528ms)
✔ admitted tool uses governed authorization, durable idempotency and pinned evidence (142.553545ms)
✔ denied policy and invalid input reject before launching external code (41.590489ms)
✔ kind, capabilities and weakened contracts cannot be admitted as tool ports (6.76766ms)
✔ untrusted output is checked against the host-owned contract (91.485623ms)
✔ cancellation and close wait for process drain and prohibit subsequent dispatch (181.01617ms)
✔ teardown uncertainty survives promise settlement and blocks drain certification (102.071864ms)
✔ context provenance is host-owned and assembled durably as quoted data (106.590754ms)
✔ context rejects spoofed origins, instruction tiers, duplicates and malformed items (427.837755ms)
✔ provider boundary rejects invalid dispatch context without a process (3.082772ms)
✔ closing an active port aborts its sandbox and waits for quiescence (144.59239ms)
✔ pre-aborted calls never start an external process and timeout stays a failure (104.438524ms)
✔ published package exposes runtime and governance assets only (3091.112224ms)
✔ authenticated HTTP, JS, Python and CLI share terminal identity and cursor (1320.191062ms)
✔ interactive attach streams bytes, serializes input/resize, and detaches without terminate (102.475465ms)
✔ attach restores terminal on rejection and ends at the durable cursor (103.618204ms)
✔ attach releases listeners when enabling raw mode fails (0.6683ms)
✔ attach fences queued input after an uncertain command (100.40619ms)
✔ attach reports partial input instead of silently discarding its suffix (102.122167ms)
✔ detach rejects later data, EOF and resize while draining earlier input (false) (0.652461ms)
✔ detach rejects later data, EOF and resize while draining earlier input (true) (0.208389ms)
✔ control reserves parent budget and exposes durable cursor without replaying input (1077.351239ms)
✔ CAS, command authorization, mode and finite shared budget fail closed (952.969819ms)
✔ receipt loss never repeats effect and requires explicit digest-bound reconciliation (922.189967ms)
✔ concurrent sessions isolate output and parent cancellation drains all children (1042.512028ms)
✔ SIGKILL before-intent: recovery never respawns and cancellation drains resources (1358.249526ms)
✔ SIGKILL after-intent: recovery never respawns and cancellation drains resources (1407.212872ms)
✔ SIGKILL after-prepared: recovery never respawns and cancellation drains resources (1409.645787ms)
✔ SIGKILL before-receipt: recovery never respawns and cancellation drains resources (1480.962044ms)
✔ SIGKILL after-receipt: recovery never respawns and cancellation drains resources (1458.715908ms)
✔ SIGKILL input-receipt: recovery never respawns and cancellation drains resources (1480.981928ms)
✔ cancel during remote recovery fences dispatch and preserves other sessions (1053.6428ms)
✔ terminal reservations reduce model tool budget and block parent while active (2213.198358ms)
✔ parent resume cannot bypass live terminal reservations through direct runtime (926.677645ms)
ℹ tests 113
ℹ suites 0
ℹ pass 113
ℹ fail 0
ℹ cancelled 0
ℹ skipped 0
ℹ todo 0
ℹ duration_ms 170793.318912
--------------------------------|---------|----------|---------|---------|--------------------------
File                            | % Stmts | % Branch | % Funcs | % Lines | Uncovered Line #s        
--------------------------------|---------|----------|---------|---------|--------------------------
All files                       |   97.69 |    89.26 |   98.61 |   97.69 |                          
 control-configuration.js       |   97.91 |    93.61 |     100 |   97.91 | 93-95                    
 engineering-control.js         |   98.72 |    88.88 |     100 |   98.72 | 83-85,236                
 engineering-task-extensions.js |     100 |      100 |     100 |     100 |                          
 engineering-task-runtime.js    |   94.87 |    85.71 |   95.45 |   94.87 | ...2,671-672,713-714,716 
 engineering-task-state.js      |     100 |    80.24 |     100 |     100 | ...4,159,166,197,238,251 
 execution-plugin-adapters.js   |     100 |       95 |     100 |     100 | 37,99,102                
 terminal-control.js            |    98.9 |     93.2 |     100 |    98.9 | 140-142,289              
--------------------------------|---------|----------|---------|---------|--------------------------
