✔ Node command executes with read-only workspace, hidden controls and bounded resources (179.624497ms)
✔ Python cannot create Internet or Unix sockets (65.796026ms)
✔ output flooding is bounded and every descendant is drained (48.837809ms)
✔ cancellation eliminates a detached descendant holding output pipes (305.399892ms)
✔ parent exit drains detached descendants without waiting for their sleep (76.151394ms)
✔ forged policies and invalid budgets fail before launch (1.035457ms)
✔ a running command cannot exceed its wall-clock budget (207.541817ms)
✔ the process limit applies to the complete descendant group (90.45846ms)
✔ invalid UTF-8 cannot expand captured output beyond its byte budget (51.692054ms)
✔ memory exhaustion remains confined to the executor group (226.773789ms)
✔ resource cleanup retries a busy empty group before confirming completion (69.163377ms)
✔ persistent busy cleanup is uncertain and never confirms completion (5072.509065ms)
✔ project runtime mounts only the controller executable read-only without inheriting its environment (75.054398ms)
✔ v2 snapshots a Git project and preserves its immutable input after external edits (62.786ms)
✔ v2 refuses links, invalid UTF-8, changed Git baseline and embedded substitution (223.875582ms)
✔ project acceptance and verifier inputs cannot drift after pinning (34.236841ms)
✔ protected verifier executes Node multi-file inside isolation (1518.456698ms)
✔ protected verifier executes TypeScript inside isolation (1583.786148ms)
✔ protected verifier executes Python multi-file inside isolation (1459.635912ms)
✔ protected verifier executes web static content inside isolation (1478.097199ms)
✔ protected verifier executes incorrect delivery inside isolation (1728.688531ms)
✔ project search, preconditioned patch and diff share governed task execution (1644.784949ms)
✔ validates and freezes a versioned contract without attesting the verifier or executing code (10.515308ms)
✔ rejects source drift (1.544128ms)
✔ rejects file drift (0.5608ms)
✔ rejects traversal (1.357197ms)
✔ rejects absolute path (0.613891ms)
✔ rejects hidden control path (0.511863ms)
✔ rejects path prefix collision (0.742353ms)
✔ rejects write outside read scope (0.815044ms)
✔ rejects duplicate file (2.024297ms)
✔ rejects file outside scope (1.354531ms)
✔ rejects missing source (0.597654ms)
✔ rejects uncovered requirement (1.029171ms)
✔ rejects missing requirement (0.66792ms)
✔ rejects missing acceptance (0.707389ms)
✔ rejects duplicate acceptance (8.978064ms)
✔ rejects unknown authority (0.556038ms)
✔ rejects privileged source role (1.698484ms)
✔ rejects shell command (0.49118ms)
✔ rejects command outside scope (0.787703ms)
✔ rejects unbounded retries (1.637414ms)
✔ rejects invalid duration (0.601568ms)
✔ rejects unsafe integer (0.446165ms)
✔ rejects child budget (0.366145ms)
✔ rejects oversized artifacts (0.284759ms)
✔ rejects invalid rollback (0.321482ms)
✔ source instructions remain untrusted data and changing them invalidates the receipt (1.173618ms)
✔ linked and oversized input files are rejected before loading their contents (1.143862ms)
✔ public validation emits no source contents and cannot select an execution profile (694.465768ms)
ℹ tests 50
ℹ suites 0
ℹ pass 50
ℹ fail 0
ℹ cancelled 0
ℹ skipped 0
ℹ todo 0
ℹ duration_ms 17605.54334
