✔ loader preserves legacy configuration and constructs only registered lazy adapters (34.819479ms)
✔ loader refuses state override, directory drift and replaced ledger before factory effects (17.992224ms)
✔ loader preserves temporary ledger activation gate (16.772933ms)
✔ loader validates all references and manifests before invoking any factory (18.39116ms)
✔ loader checks observed digest and adapter interface, sanitizing factory exceptions (29.946476ms)
✔ loader rechecks ledger identity after factory construction (29.96615ms)
✔ loader rejects malformed, oversized, symlink and hardlink configurations (23.075472ms)
✔ real API adapter is lazy, observes selected credential and USD balance, and streams through existing egress broker (53.051865ms)
✔ API adapter refuses credential and binding drift before network effects (10.395518ms)
✔ API adapter refuses unsupported origin, insufficient reservation and expired pricing (7.04572ms)
✔ balance observation cannot invent quota or convert currencies (10.766891ms)
✔ missing usage, cancellation and unknown task never become successful receipts (9.606779ms)
✔ API adapter cancellation aborts the broker request and drains its connection (6.021225ms)
✔ API adapter and campaign integrate credential admission, monetary quota and reservation before dispatch (298.277679ms)
✔ campaign reserves before dispatch, replays receipts and preserves consumption after reopening (63.851387ms)
✔ a new campaign identity cannot reuse authorization or manufacture a larger budget (21.887702ms)
✔ ambiguous credentials, logout, expired observations and unavailable quota cannot dispatch (25.422895ms)
✔ receipt loss preserves the reservation and requires current-state reconciliation without retry (27.684275ms)
✔ a second controller cannot reconcile a live dispatch and can cancel it durably (74.214339ms)
✔ a changed binding manifest cannot replace the pinned configuration after reopening (26.71762ms)
✔ HTTP and SDK campaign commands share authentication, cursors and durable budget (220.613414ms)
✔ known overspend remains charged after uncertain outcome reconciliation (25.147772ms)
✔ expired grants, stale sequences and cancellation deny new effects (26.999927ms)
✔ unbound adapter identities and missing dispatch implementations cannot configure campaigns (19.701514ms)
✔ a concurrent exact retry observes the committed receipt without a second dispatch (21.436266ms)
✔ a request ceiling holds even when prior attempts report zero charge (27.427798ms)
✔ failed inspection never consumes an authorization or leaks transport details (18.833085ms)
✔ client and subordinate model reserve in one campaign before effect and preserve costs on reopen (27.328315ms)
✔ subordinate budget cannot bypass the campaign ceiling (22.914666ms)
✔ a child with a lost receipt retains its reservation and fences even a parent that catches its error (26.479772ms)
✔ subordinate capability expires when parent finishes and cannot target an unpinned binding (22.280057ms)
✔ campaign cancellation reaches parent and child and waits for child termination (27.451655ms)
✔ shutdown cancels and drains a composed call before returning, and fences future effects (28.088675ms)
✔ denied task scope is checked before resolving provider credentials or probing its API (19.06157ms)
✔ runner completes a bounded pilot, checks replay and can restart without repeating inference or resetting budget (53.017873ms)
✔ four-family scope fails before authorization claim if families are missing (18.406899ms)
✔ runner preserves uncertain effects across restart and never advances or cancels them implicitly (23.967527ms)
✔ runner rejects duplicate command identity and unexpected vendor before effects (17.660749ms)
✔ runner operates through authenticated HTTP and the public SDK (444.709841ms)
✔ official routes distinguish native accounts, API and local bindings without claiming certification (5.935016ms)
✔ route confusion, unknown quota, capability claims, secrets and unbounded reservations fail closed (2.510413ms)
✔ binding drift is rejected and declared control evidence does not certify a real journey (0.280285ms)
ℹ tests 42
ℹ suites 0
ℹ pass 42
ℹ fail 0
ℹ cancelled 0
ℹ skipped 0
ℹ todo 0
ℹ duration_ms 3098.412527
