✔ loader preserves legacy configuration and constructs only registered lazy adapters (30.243283ms)
✔ loader refuses state override, directory drift and replaced ledger before factory effects (18.401584ms)
✔ loader preserves temporary ledger activation gate (17.188644ms)
✔ loader validates all references and manifests before invoking any factory (18.934209ms)
✔ loader checks observed digest and adapter interface, sanitizing factory exceptions (19.18889ms)
✔ loader rechecks ledger identity after factory construction (18.191211ms)
✔ loader rejects malformed, oversized, symlink and hardlink configurations (19.645559ms)
✔ CLI, JavaScript, Python and HTTP share identity, task results and replayable event cursors (2152.575741ms)
✔ authenticated control rejects wrong identity, origins, workspace escalation and stale commands (809.764266ms)
✔ an intent without receipt is not automatically dispatched again (827.086347ms)
✔ review binds approval to Git baseline and only explicit apply modifies the source project (1804.830871ms)
✔ concurrent source edits invalidate the prior review and are preserved (1773.519016ms)
✔ public preparation pins the current workspace and cannot expand the server allowlist (68.294312ms)
✔ workflows reuse the same API control and aggregate kernel budget (1950.488552ms)
✔ HTTP rejects malformed, oversized and unsupported requests without exposing internal errors (825.140721ms)
✔ SDK rejects remote endpoints, malformed cursors and invalid query views (0.474754ms)
✔ candidate edits after approval invalidate review without applying unverified bytes (1785.291282ms)
✔ control rejects model ambiguity, unknown bindings and duplicate resources before effects (863.174626ms)
✔ Git application never invokes configured filesystem monitors or external diff commands (1807.374278ms)
✔ published package exposes runtime and governance assets only (1652.800837ms)
✔ campaign reserves before dispatch, replays receipts and preserves consumption after reopening (51.826853ms)
✔ a new campaign identity cannot reuse authorization or manufacture a larger budget (20.041733ms)
✔ ambiguous credentials, logout, expired observations and unavailable quota cannot dispatch (20.53305ms)
✔ receipt loss preserves the reservation and requires current-state reconciliation without retry (26.570412ms)
✔ a second controller cannot reconcile a live dispatch and can cancel it durably (76.0659ms)
✔ a changed binding manifest cannot replace the pinned configuration after reopening (19.778233ms)
✔ HTTP and SDK campaign commands share authentication, cursors and durable budget (224.920229ms)
✔ known overspend remains charged after uncertain outcome reconciliation (26.196915ms)
✔ expired grants, stale sequences and cancellation deny new effects (24.654214ms)
✔ unbound adapter identities and missing dispatch implementations cannot configure campaigns (21.001403ms)
✔ a concurrent exact retry observes the committed receipt without a second dispatch (21.836664ms)
✔ a request ceiling holds even when prior attempts report zero charge (31.401217ms)
✔ failed inspection never consumes an authorization or leaks transport details (19.245507ms)
✔ official routes distinguish native accounts, API and local bindings without claiming certification (5.746094ms)
✔ route confusion, unknown quota, capability claims, secrets and unbounded reservations fail closed (2.337541ms)
✔ binding drift is rejected and declared control evidence does not certify a real journey (0.27891ms)
✔ authenticated HTTP, JS, Python and CLI share terminal identity and cursor (1087.532369ms)
✔ interactive attach streams bytes, serializes input/resize, and detaches without terminate (102.683929ms)
✔ attach restores terminal on rejection and ends at the durable cursor (103.105171ms)
✔ attach releases listeners when enabling raw mode fails (1.959621ms)
✔ attach fences queued input after an uncertain command (101.125221ms)
✔ attach reports partial input instead of silently discarding its suffix (102.279556ms)
✔ detach rejects later data, EOF and resize while draining earlier input (false) (1.493232ms)
✔ detach rejects later data, EOF and resize while draining earlier input (true) (1.03152ms)
ℹ tests 44
ℹ suites 0
ℹ pass 44
ℹ fail 0
ℹ cancelled 0
ℹ skipped 0
ℹ todo 0
ℹ duration_ms 20026.636038
