heavy-run: modo pinned na CPU 1, MemoryMax=3G (load1=8.19 phys=6 avail=23032MiB need=3G mem.psi=0.00 io.psi.full=0.00)
W4 containment: /sys/fs/cgroup/user.slice/user-1000.slice/user@1000.service/app.slice/hseos-w4-jobs-lock-coverage.scope memory.max= 3221225472 affinity= [1]
✔ engineering tools reject workspace substitution and forged execution policy (21.45548ms)
✔ scoped reads reject hard links, symbolic links, invalid UTF-8 and directories (6.922735ms)
✔ nested scope remains confined when its parent is replaced with a symlink (5.259683ms)
✔ artifact budgets are aggregate and write preconditions cannot be bypassed (8.379403ms)
✔ decision reader accepts bounded explicit answers and rejects ambiguous files (20.734492ms)
✔ unknown owners, terminal tasks and exhausted budgets never permit automatic continuation (14.293159ms)
✔ CLI, JavaScript, Python and HTTP share identity, task results and replayable event cursors (3376.930554ms)
✔ authenticated control rejects wrong identity, origins, workspace escalation and stale commands (1215.410677ms)
✔ an intent without receipt is not automatically dispatched again (1235.140745ms)
✔ review binds approval to Git baseline and only explicit apply modifies the source project (2764.108977ms)
✔ concurrent source edits invalidate the prior review and are preserved (2690.019972ms)
✔ public preparation pins the current workspace and cannot expand the server allowlist (102.179335ms)
✔ workflows reuse the same API control and aggregate kernel budget (2993.479912ms)
✔ HTTP rejects malformed, oversized and unsupported requests without exposing internal errors (1071.741849ms)
✔ SDK rejects remote endpoints, malformed cursors and invalid query views (1.019396ms)
✔ candidate edits after approval invalidate review without applying unverified bytes (2630.572562ms)
✔ control rejects model ambiguity, unknown bindings and duplicate resources before effects (1404.041497ms)
✔ Git application never invokes configured filesystem monitors or external diff commands (2431.570904ms)
✔ protected rejection diagnoses and corrects in the original session and budget (1531.011759ms)
✔ a repeated rejection exhausts the correction ceiling and cannot approve (1377.789523ms)
✔ zero correction budget never dispatches the prepared correction (1017.084997ms)
✔ workflow waits for corrected acceptance before running a dependent task (2320.407609ms)
✔ correction writes are denied until a diagnosis is bound to the rejected artifacts (1298.246962ms)
✔ replay rejects a correction request altered after the protected review (1337.746162ms)
✔ Node command executes with read-only workspace, hidden controls and bounded resources (144.331918ms)
✔ Python cannot create Internet or Unix sockets (39.481801ms)
✔ output flooding is bounded and every descendant is drained (36.82375ms)
✔ cancellation eliminates a detached descendant holding output pipes (304.83872ms)
✔ parent exit drains detached descendants without waiting for their sleep (37.166608ms)
✔ forged policies and invalid budgets fail before launch (1.048755ms)
✔ a running command cannot exceed its wall-clock budget (208.343987ms)
✔ the process limit applies to the complete descendant group (60.827955ms)
✔ invalid UTF-8 cannot expand captured output beyond its byte budget (47.772281ms)
✔ memory exhaustion remains confined to the executor group (153.036347ms)
✔ resource cleanup retries a busy empty group before confirming completion (52.963502ms)
✔ persistent busy cleanup is uncertain and never confirms completion (5050.369843ms)
✔ project runtime mounts only the controller executable read-only without inheriting its environment (68.46112ms)
✔ bound engineering worker implements the task through the broker without persisting its credential (4075.624076ms)
✔ bound engineering worker corrects a rejection through the broker without persisting its credential (4494.410165ms)
✔ engineering model dispatch rejects retries and missing credentials without egress (4.208819ms)
✔ create-only pins authorized model identity; resume reserves the original campaign and verifies the task (2042.826445ms)
✔ model tool proposal is executed by the task gateway and independently accepted (2092.113128ms)
✔ public campaign dispatch without a prepared plugin request cannot reserve or execute (51.14973ms)
✔ model ambiguity, unauthorized task and changed association fail before effects (915.071049ms)
✔ task cancellation drains its model without cancelling the shared campaign (2651.370056ms)
✔ owner shutdown reaches facade requests and waits for process drain (1720.483669ms)
✔ malformed model output preserves uncertain reservation and blocks task acceptance (1786.950522ms)
✔ local binding loader inspects only declared selection without starting plugin code (64.580652ms)
✔ a new controller restores the same task and campaign; catalog drift never swaps an in-flight selection (2303.299837ms)
✔ lost campaign receipt keeps model result uncertain without replaying its process (2027.545231ms)
✔ model binding derivation preserves exact manifest, shared lifecycle and denies new authorization (57.494424ms)
✔ task deadline and invalid model pins fail before reserve (65.718462ms)
✔ same UUIDs and manifests in a different ledger cannot reset the task campaign (911.474106ms)
✔ created replay rejects mixed model authority and direct unregistered execution (957.059787ms)
✔ control configuration loads a local plugin binding without an unused binding file or plugin effect (60.355238ms)
✔ queued job pins model selection and original campaign without a launch or reservation (78.477404ms)
✔ v2 snapshots a Git project and preserves its immutable input after external edits (81.216323ms)
✔ v2 refuses links, invalid UTF-8, changed Git baseline and embedded substitution (134.009886ms)
✔ project acceptance and verifier inputs cannot drift after pinning (26.153159ms)
✔ protected verifier executes Node multi-file inside isolation (1060.790021ms)
✔ protected verifier executes TypeScript inside isolation (1081.798628ms)
✔ protected verifier executes Python multi-file inside isolation (993.791067ms)
✔ protected verifier executes web static content inside isolation (999.841567ms)
✔ protected verifier executes incorrect delivery inside isolation (1212.890542ms)
✔ project search, preconditioned patch and diff share governed task execution (1119.343915ms)
✔ a committed write interrupted before its receipt is reconciled without repeating the effect (5100.258095ms)
✔ unexplained changes always ask, reject stale decisions, and continue only after explicit current-state confirmation (5400.853791ms)
✔ workflow recovery composes reconciliation without repeating the interrupted write (4501.848886ms)
✔ interrupted command asks before abandoning the attempt and preserves its budget (5127.800697ms)
✔ interrupted model asks before abandoning the attempt and preserves its budget (5192.969784ms)
✔ a project patch interrupted after its effect requires a decision and is never automatically repeated (5378.676986ms)
✔ a completed patch receipt explains its change when a later command is interrupted (3240.992515ms)
✔ task reconciliation holds the writer lock before applying observed receipts (4788.902051ms)
✔ workflow reconciliation holds the writer lock before applying observed receipts (5514.552726ms)
✔ missing backend fails before any probe (1.782114ms)
✔ exit zero and claimed writes do not prove an effect (3.249112ms)
✔ confirmed effects pass only prerequisites with fixed commands and cleared environment (2.414468ms)
✔ rejects symlink despite a successful-looking effect (1.664327ms)
✔ rejects hardlink despite a successful-looking effect (1.525705ms)
✔ rejects control-modification despite a successful-looking effect (8.081939ms)
✔ rejects visible-control despite a successful-looking effect (1.038766ms)
✔ rejects invalid-report despite a successful-looking effect (1.023002ms)
✔ rejects timeout despite a successful-looking effect (1.561969ms)
✔ public CLI fails closed against a backend that merely exits zero (117.740084ms)
✔ validates and freezes a versioned contract without attesting the verifier or executing code (10.061382ms)
✔ rejects source drift (1.409851ms)
✔ rejects file drift (0.555119ms)
✔ rejects traversal (1.005008ms)
✔ rejects absolute path (1.024759ms)
✔ rejects hidden control path (0.400239ms)
✔ rejects path prefix collision (0.431606ms)
✔ rejects write outside read scope (0.677952ms)
✔ rejects duplicate file (2.247249ms)
✔ rejects file outside scope (0.450519ms)
✔ rejects missing source (0.405167ms)
✔ rejects uncovered requirement (1.928066ms)
✔ rejects missing requirement (0.962656ms)
✔ rejects missing acceptance (1.115663ms)
✔ rejects duplicate acceptance (0.317524ms)
✔ rejects unknown authority (0.453078ms)
✔ rejects privileged source role (0.439713ms)
✔ rejects shell command (0.420063ms)
✔ rejects command outside scope (0.53201ms)
✔ rejects unbounded retries (1.460703ms)
✔ rejects invalid duration (0.499305ms)
✔ rejects unsafe integer (0.655825ms)
✔ rejects child budget (0.335747ms)
✔ rejects oversized artifacts (0.311894ms)
✔ rejects invalid rollback (0.325486ms)
✔ source instructions remain untrusted data and changing them invalidates the receipt (1.3779ms)
✔ linked and oversized input files are rejected before loading their contents (5.079018ms)
✔ public validation emits no source contents and cannot select an execution profile (1340.949099ms)
✔ create-only pins context without executing it; resume assembles provenance and spends its slot (2413.128148ms)
✔ selected tool runs through task gateway and consumes the session invocation limit (1459.602105ms)
✔ context uses the last slot and prevents a subsequent model tool from executing (1058.90748ms)
✔ catalog drift on resume is rejected before effects while read-only queries need no catalog (869.12824ms)
✔ confirmed context receipt can be reconstructed without another plugin launch (993.214874ms)
✔ live cancellation during context collection drains the plugin and never dispatches a model (1720.507413ms)
✔ control accepts only selected IDs and terminals cannot consume context-reserved capacity (930.014835ms)
✔ invalid configuration, unsupported ports and excessive context reservation fail before a plugin effect (181.984929ms)
✔ invalid and excessive context output cannot reach a model or verifier approval (1962.743963ms)
✔ context approval is never auto-granted and pre-abort or expiry cannot dispatch (883.870521ms)
✔ uncertain plugin teardown blocks acceptance and remains visible after reopening task state (1766.037837ms)
✔ Node implementation is independently approved and survives status reopen (1377.917033ms)
✔ Python bug correction is independently approved (1016.045389ms)
✔ Node regression correction preserves zero values (1227.277184ms)
✔ a completed model response without implementation fails independent verification (1339.741202ms)
✔ incorrect code cannot pass using a successful process exit (1504.717622ms)
✔ unknown tools never execute (861.079003ms)
✔ a create-only task resumes with its original budget and sequence (2044.143496ms)
✔ cancel persists a separate task outcome and prevents later execution (797.911321ms)
✔ cross-process cancellation waits for the running worker to drain its executor (2580.214966ms)
✔ cancellation after worker interruption reaps its executor before confirming (3217.683068ms)
✔ tampered verifier hash or acceptance is blocked before the first model turn (60.193699ms)
✔ gateway denies verifier, credential, and workspace escape paths (6118.350632ms)
✔ interruption after model completion resumes verification without replaying effects (9687.819114ms)
✔ invalid creation never poisons the durable stream (53.880608ms)
✔ snapshots require complete unique scope and accurate content digests (36.196824ms)
✔ approval requires versioned proof bound to contract, artifacts, session and isolation (36.008831ms)
✔ cancellation acquires the writer lock before reading evidence across connections (31.716655ms)
✔ WorkflowEngine composes the three engineering tasks using independent outcomes (5315.36603ms)
✔ a completed model with a failed task prevents execution of dependent tasks (1560.583403ms)
✔ workflow validation rejects cycles and aggregate oversubscription before creating state (13.60491ms)
✔ workflow status and create-only resume use the canonical ledger (5184.192721ms)
✔ workflow cancellation before execution preserves all task artifacts and prevents resume (76.069158ms)
✔ workflow definition identity is protected after creation (53.55185ms)
✔ parallel tasks share the declared aggregate budget and release unused reservations (2643.002005ms)
✔ explicit migration converts eligible definitions without touching legacy history or executing tasks (107.383672ms)
✔ live workflow cancellation settles the active executor and preserves unstarted tasks (2566.355359ms)
✔ interrupted workflow blocks uncertain effects and cancellation drains the abandoned executor (8603.59567ms)
✔ interrupted workflow reclaims only a dead owner and resumes verification without repeated effects (14119.051514ms)
✔ workspace boundary handles root-link without following an unsafe path (45.354662ms)
✔ workspace boundary handles root-file without following an unsafe path (35.886051ms)
✔ workspace boundary handles file-directory without following an unsafe path (35.340263ms)
✔ workspace boundary handles budget without following an unsafe path (40.176281ms)
✔ workspace boundary handles traversal without following an unsafe path (46.399469ms)
✔ workspace boundary handles missing-file without following an unsafe path (42.163899ms)
✔ workspace boundary handles missing-parent without following an unsafe path (38.654282ms)
✔ workspace boundary handles parent-link without following an unsafe path (36.951401ms)
✔ a file edited between read and stat cannot enter the baseline (37.103899ms)
✔ changing the workspace directory after reads invalidates its identity (40.258123ms)
✔ project hydration rejects supplied file content even with the correct declared baseline (57.750645ms)
✔ whole-file patches round-trip creation, deletion, empty files and newline boundaries through Git (45.902829ms)
✔ project snapshots reject Git conversion filters before any project extension can execute (47.277871ms)
✔ project Git worktree redirection cannot change the declared workspace authority (36.259904ms)
✔ job creation is data only, durable, temporally eligible and replayable (173.97691ms)
✔ cancellation and idempotency preserve receipts and reject stale mutations (94.763356ms)
✔ dependencies and strict schedule reject invalid commands without records (81.431782ms)
✔ concurrent creates have one receipt; a job owns its future resource identity (79.928315ms)
✔ replay rejects fabricated states and admission tampering (63.350428ms)
✔ legacy binding is validated and pinned without initializing its provider (144.494074ms)
✔ replay rejects invalid admission even with recalculated digests and UTC compares instants (66.3204ms)
✔ replay cannot introduce absent or conflicting model sources (68.301465ms)
✔ workflow definition is pinned without materializing children (63.759637ms)
✔ resource ownership is rechecked after asynchronous admission in both directions (65.208443ms)
✔ real typescript-report project is rejected, diagnosed, corrected and independently approved (2545.971616ms)
✔ real python-inventory project is rejected, diagnosed, corrected and independently approved (2102.523112ms)
✔ patch cannot bypass required diagnosis after protected rejection (2142.652614ms)
✔ help and structural validation do not load optional integrations or query updates (499.294175ms)
✔ fresh minimal and engineering materialization excludes optional implementations and services (928.952624ms)
✔ npx wrapper preserves literal arguments without invoking a shell (91.004135ms)
✔ public workflow CLI validates, executes and reopens a task graph (7571.851404ms)
✔ retired YAML mutations fail with migration guidance and preserve legacy state (1336.568066ms)
ℹ tests 183
ℹ suites 0
ℹ pass 183
ℹ fail 0
ℹ cancelled 0
ℹ skipped 0
ℹ todo 0
ℹ duration_ms 231144.317727
----------------------------------|---------|----------|---------|---------|------------------------
File                              | % Stmts | % Branch | % Funcs | % Lines | Uncovered Line #s
----------------------------------|---------|----------|---------|---------|------------------------
All files                         |   97.58 |     88.4 |   95.77 |   97.58 |
 cli/lib                          |   97.53 |    88.29 |   95.65 |   97.53 |
  engineering-control.js          |   98.91 |     92.4 |     100 |   98.91 | 104-106,251
  engineering-task-runtime.js     |   95.36 |    87.62 |   95.45 |   95.36 | ...728-729,770-771,773
  engineering-task-state.js       |     100 |    82.55 |     100 |     100 | ...159,164,171,202,243
  engineering-workflow-runtime.js |   97.63 |    84.79 |   88.88 |   97.63 | 175,206-213,497-501
  job-control.js                  |     100 |    96.11 |     100 |     100 | 40,46,99,166
 lib                              |     100 |      100 |     100 |     100 |
  job-contract.js                 |     100 |      100 |     100 |     100 |
----------------------------------|---------|----------|---------|---------|------------------------
