heavy-run: modo pinned na CPU 1, MemoryMax=3G (load1=1.10 phys=6 avail=23901MiB need=3G mem.psi=0.00 io.psi.full=0.00)
W4 containment: /sys/fs/cgroup/user.slice/user-1000.slice/user@1000.service/app.slice/hseos-w4-jobs-node22-lint.scope memory.max= 3221225472 affinity= [1]
TAP version 13
# Subtest: CLI, JavaScript, Python and HTTP share identity, task results and replayable event cursors
ok 1 - CLI, JavaScript, Python and HTTP share identity, task results and replayable event cursors
  ---
  duration_ms: 2310.155731
  type: 'test'
  ...
# Subtest: authenticated control rejects wrong identity, origins, workspace escalation and stale commands
ok 2 - authenticated control rejects wrong identity, origins, workspace escalation and stale commands
  ---
  duration_ms: 846.445175
  type: 'test'
  ...
# Subtest: an intent without receipt is not automatically dispatched again
ok 3 - an intent without receipt is not automatically dispatched again
  ---
  duration_ms: 832.75055
  type: 'test'
  ...
# Subtest: review binds approval to Git baseline and only explicit apply modifies the source project
ok 4 - review binds approval to Git baseline and only explicit apply modifies the source project
  ---
  duration_ms: 1878.324261
  type: 'test'
  ...
# Subtest: concurrent source edits invalidate the prior review and are preserved
ok 5 - concurrent source edits invalidate the prior review and are preserved
  ---
  duration_ms: 1863.382613
  type: 'test'
  ...
# Subtest: public preparation pins the current workspace and cannot expand the server allowlist
ok 6 - public preparation pins the current workspace and cannot expand the server allowlist
  ---
  duration_ms: 64.88048
  type: 'test'
  ...
# Subtest: workflows reuse the same API control and aggregate kernel budget
ok 7 - workflows reuse the same API control and aggregate kernel budget
  ---
  duration_ms: 2074.350716
  type: 'test'
  ...
# Subtest: HTTP rejects malformed, oversized and unsupported requests without exposing internal errors
ok 8 - HTTP rejects malformed, oversized and unsupported requests without exposing internal errors
  ---
  duration_ms: 857.277092
  type: 'test'
  ...
# Subtest: SDK rejects remote endpoints, malformed cursors and invalid query views
ok 9 - SDK rejects remote endpoints, malformed cursors and invalid query views
  ---
  duration_ms: 0.655652
  type: 'test'
  ...
# Subtest: candidate edits after approval invalidate review without applying unverified bytes
ok 10 - candidate edits after approval invalidate review without applying unverified bytes
  ---
  duration_ms: 1832.419173
  type: 'test'
  ...
# Subtest: control rejects model ambiguity, unknown bindings and duplicate resources before effects
ok 11 - control rejects model ambiguity, unknown bindings and duplicate resources before effects
  ---
  duration_ms: 901.805784
  type: 'test'
  ...
# Subtest: Git application never invokes configured filesystem monitors or external diff commands
ok 12 - Git application never invokes configured filesystem monitors or external diff commands
  ---
  duration_ms: 1843.123694
  type: 'test'
  ...
# Subtest: job creation is data only, durable, temporally eligible and replayable
ok 13 - job creation is data only, durable, temporally eligible and replayable
  ---
  duration_ms: 96.484197
  type: 'test'
  ...
# Subtest: cancellation and idempotency preserve receipts and reject stale mutations
ok 14 - cancellation and idempotency preserve receipts and reject stale mutations
  ---
  duration_ms: 70.178408
  type: 'test'
  ...
# Subtest: dependencies and strict schedule reject invalid commands without records
ok 15 - dependencies and strict schedule reject invalid commands without records
  ---
  duration_ms: 85.192324
  type: 'test'
  ...
# Subtest: concurrent creates have one receipt; a job owns its future resource identity
ok 16 - concurrent creates have one receipt; a job owns its future resource identity
  ---
  duration_ms: 48.667148
  type: 'test'
  ...
# Subtest: replay rejects fabricated states and admission tampering
ok 17 - replay rejects fabricated states and admission tampering
  ---
  duration_ms: 48.163043
  type: 'test'
  ...
# Subtest: legacy binding is validated and pinned without initializing its provider
ok 18 - legacy binding is validated and pinned without initializing its provider
  ---
  duration_ms: 94.056615
  type: 'test'
  ...
# Subtest: replay rejects invalid admission even with recalculated digests and UTC compares instants
ok 19 - replay rejects invalid admission even with recalculated digests and UTC compares instants
  ---
  duration_ms: 48.989255
  type: 'test'
  ...
# Subtest: replay cannot introduce absent or conflicting model sources
ok 20 - replay cannot introduce absent or conflicting model sources
  ---
  duration_ms: 48.50156
  type: 'test'
  ...
# Subtest: workflow definition is pinned without materializing children
ok 21 - workflow definition is pinned without materializing children
  ---
  duration_ms: 44.223791
  type: 'test'
  ...
# Subtest: resource ownership is rechecked after asynchronous admission in both directions
ok 22 - resource ownership is rechecked after asynchronous admission in both directions
  ---
  duration_ms: 43.658605
  type: 'test'
  ...
1..22
# tests 22
# suites 0
# pass 22
# fail 0
# cancelled 0
# skipped 0
# todo 0
# duration_ms 16952.283906
