heavy-run: modo pinned na CPU 1, MemoryMax=3G (load1=1.53 phys=6 avail=23430MiB need=3G mem.psi=0.00 io.psi.full=0.00)
W4 containment: /sys/fs/cgroup/user.slice/user-1000.slice/user@1000.service/app.slice/hseos-w4-jobs-node22.scope memory.max= 3221225472 affinity= [1]
TAP version 13
# Subtest: candidate profile is explicit, key-referenced, sandbox-required and still non-operational
ok 1 - candidate profile is explicit, key-referenced, sandbox-required and still non-operational
  ---
  duration_ms: 199.473776
  type: 'test'
  ...
# Subtest: rehearsal migrates and discards a private candidate, restores v4 and leaves source byte-identical
ok 2 - rehearsal migrates and discards a private candidate, restores v4 and leaves source byte-identical
  ---
  duration_ms: 175.439855
  type: 'test'
  ...
# Subtest: rehearsal rejects link aliases and live SQLite sidecars before making a copy
ok 3 - rehearsal rejects link aliases and live SQLite sidecars before making a copy
  ---
  duration_ms: 25.142254
  type: 'test'
  ...
# Subtest: explicit live mode checkpoints a verified WAL snapshot without opening or changing the operational database
ok 4 - explicit live mode checkpoints a verified WAL snapshot without opening or changing the operational database
  ---
  duration_ms: 82.777194
  type: 'test'
  ...
# Subtest: retired IDE compatibility has zero internal callers while gated runtime compatibility remains visible
ok 5 - retired IDE compatibility has zero internal callers while gated runtime compatibility remains visible
  ---
  duration_ms: 58.653725
  type: 'test'
  ...
# Subtest: caller scan detects aliases, double-quoted state methods, and runtime callers under src
ok 6 - caller scan detects aliases, double-quoted state methods, and runtime callers under src
  ---
  duration_ms: 1.821331
  type: 'test'
  ...
# Subtest: migration dry-run upgrades only a temporary copy and preserves every legacy table
ok 7 - migration dry-run upgrades only a temporary copy and preserves every legacy table
  ---
  duration_ms: 117.0235
  type: 'test'
  ...
# Subtest: read-only telemetry evidence can become ready but never bypasses active callers or human authorization
ok 8 - read-only telemetry evidence can become ready but never bypasses active callers or human authorization
  ---
  duration_ms: 450.033462
  type: 'test'
  ...
# Subtest: downstream release evidence is strict, scope-bound, integrity-checked, and never authorizes cutover
ok 9 - downstream release evidence is strict, scope-bound, integrity-checked, and never authorizes cutover
  ---
  duration_ms: 14.694794
  type: 'test'
  ...
# Subtest: descriptor-bound evidence read rejects a pathname swapped during artifact verification
ok 10 - descriptor-bound evidence read rejects a pathname swapped during artifact verification
  ---
  duration_ms: 4.209836
  type: 'test'
  ...
# Subtest: audit rejects a structurally valid but fabricated bundle before the human gate
ok 11 - audit rejects a structurally valid but fabricated bundle before the human gate
  ---
  duration_ms: 454.015974
  type: 'test'
  ...
# Subtest: sparse daily telemetry cannot produce a false green
ok 12 - sparse daily telemetry cannot produce a false green
  ---
  duration_ms: 40.368791
  type: 'test'
  ...
# Subtest: invalid hour labels and direct usage rows cannot forge zero-use readiness
ok 13 - invalid hour labels and direct usage rows cannot forge zero-use readiness
  ---
  duration_ms: 539.305765
  type: 'test'
  ...
# Subtest: dry-run rejects links and live SQLite sidecars before opening operational state
ok 14 - dry-run rejects links and live SQLite sidecars before opening operational state
  ---
  duration_ms: 33.702662
  type: 'test'
  ...
# Subtest: CLI, JavaScript, Python and HTTP share identity, task results and replayable event cursors
ok 15 - CLI, JavaScript, Python and HTTP share identity, task results and replayable event cursors
  ---
  duration_ms: 2300.220234
  type: 'test'
  ...
# Subtest: authenticated control rejects wrong identity, origins, workspace escalation and stale commands
ok 16 - authenticated control rejects wrong identity, origins, workspace escalation and stale commands
  ---
  duration_ms: 861.390394
  type: 'test'
  ...
# Subtest: an intent without receipt is not automatically dispatched again
ok 17 - an intent without receipt is not automatically dispatched again
  ---
  duration_ms: 862.261101
  type: 'test'
  ...
# Subtest: review binds approval to Git baseline and only explicit apply modifies the source project
ok 18 - review binds approval to Git baseline and only explicit apply modifies the source project
  ---
  duration_ms: 1912.393518
  type: 'test'
  ...
# Subtest: concurrent source edits invalidate the prior review and are preserved
ok 19 - concurrent source edits invalidate the prior review and are preserved
  ---
  duration_ms: 1854.823379
  type: 'test'
  ...
# Subtest: public preparation pins the current workspace and cannot expand the server allowlist
ok 20 - public preparation pins the current workspace and cannot expand the server allowlist
  ---
  duration_ms: 64.040221
  type: 'test'
  ...
# Subtest: workflows reuse the same API control and aggregate kernel budget
ok 21 - workflows reuse the same API control and aggregate kernel budget
  ---
  duration_ms: 2073.379607
  type: 'test'
  ...
# Subtest: HTTP rejects malformed, oversized and unsupported requests without exposing internal errors
ok 22 - HTTP rejects malformed, oversized and unsupported requests without exposing internal errors
  ---
  duration_ms: 859.422379
  type: 'test'
  ...
# Subtest: SDK rejects remote endpoints, malformed cursors and invalid query views
ok 23 - SDK rejects remote endpoints, malformed cursors and invalid query views
  ---
  duration_ms: 0.415421
  type: 'test'
  ...
# Subtest: candidate edits after approval invalidate review without applying unverified bytes
ok 24 - candidate edits after approval invalidate review without applying unverified bytes
  ---
  duration_ms: 1821.605969
  type: 'test'
  ...
# Subtest: control rejects model ambiguity, unknown bindings and duplicate resources before effects
ok 25 - control rejects model ambiguity, unknown bindings and duplicate resources before effects
  ---
  duration_ms: 883.420782
  type: 'test'
  ...
# Subtest: Git application never invokes configured filesystem monitors or external diff commands
ok 26 - Git application never invokes configured filesystem monitors or external diff commands
  ---
  duration_ms: 1877.507299
  type: 'test'
  ...
# Subtest: create-only pins authorized model identity; resume reserves the original campaign and verifies the task
ok 27 - create-only pins authorized model identity; resume reserves the original campaign and verifies the task
  ---
  duration_ms: 2060.046466
  type: 'test'
  ...
# Subtest: model tool proposal is executed by the task gateway and independently accepted
ok 28 - model tool proposal is executed by the task gateway and independently accepted
  ---
  duration_ms: 1990.481646
  type: 'test'
  ...
# Subtest: public campaign dispatch without a prepared plugin request cannot reserve or execute
ok 29 - public campaign dispatch without a prepared plugin request cannot reserve or execute
  ---
  duration_ms: 49.370209
  type: 'test'
  ...
# Subtest: model ambiguity, unauthorized task and changed association fail before effects
ok 30 - model ambiguity, unauthorized task and changed association fail before effects
  ---
  duration_ms: 880.470168
  type: 'test'
  ...
# Subtest: task cancellation drains its model without cancelling the shared campaign
ok 31 - task cancellation drains its model without cancelling the shared campaign
  ---
  duration_ms: 2634.40832
  type: 'test'
  ...
# Subtest: owner shutdown reaches facade requests and waits for process drain
ok 32 - owner shutdown reaches facade requests and waits for process drain
  ---
  duration_ms: 1713.542349
  type: 'test'
  ...
# Subtest: malformed model output preserves uncertain reservation and blocks task acceptance
ok 33 - malformed model output preserves uncertain reservation and blocks task acceptance
  ---
  duration_ms: 1777.678881
  type: 'test'
  ...
# Subtest: local binding loader inspects only declared selection without starting plugin code
ok 34 - local binding loader inspects only declared selection without starting plugin code
  ---
  duration_ms: 69.892648
  type: 'test'
  ...
# Subtest: a new controller restores the same task and campaign; catalog drift never swaps an in-flight selection
ok 35 - a new controller restores the same task and campaign; catalog drift never swaps an in-flight selection
  ---
  duration_ms: 1906.851526
  type: 'test'
  ...
# Subtest: lost campaign receipt keeps model result uncertain without replaying its process
ok 36 - lost campaign receipt keeps model result uncertain without replaying its process
  ---
  duration_ms: 1833.639343
  type: 'test'
  ...
# Subtest: model binding derivation preserves exact manifest, shared lifecycle and denies new authorization
ok 37 - model binding derivation preserves exact manifest, shared lifecycle and denies new authorization
  ---
  duration_ms: 57.613293
  type: 'test'
  ...
# Subtest: task deadline and invalid model pins fail before reserve
ok 38 - task deadline and invalid model pins fail before reserve
  ---
  duration_ms: 55.96404
  type: 'test'
  ...
# Subtest: same UUIDs and manifests in a different ledger cannot reset the task campaign
ok 39 - same UUIDs and manifests in a different ledger cannot reset the task campaign
  ---
  duration_ms: 918.334042
  type: 'test'
  ...
# Subtest: created replay rejects mixed model authority and direct unregistered execution
ok 40 - created replay rejects mixed model authority and direct unregistered execution
  ---
  duration_ms: 868.820273
  type: 'test'
  ...
# Subtest: control configuration loads a local plugin binding without an unused binding file or plugin effect
ok 41 - control configuration loads a local plugin binding without an unused binding file or plugin effect
  ---
  duration_ms: 62.836539
  type: 'test'
  ...
# Subtest: queued job pins model selection and original campaign without a launch or reservation
ok 42 - queued job pins model selection and original campaign without a launch or reservation
  ---
  duration_ms: 69.057073
  type: 'test'
  ...
# Subtest: create-only pins context without executing it; resume assembles provenance and spends its slot
ok 43 - create-only pins context without executing it; resume assembles provenance and spends its slot
  ---
  duration_ms: 2033.203492
  type: 'test'
  ...
# Subtest: selected tool runs through task gateway and consumes the session invocation limit
ok 44 - selected tool runs through task gateway and consumes the session invocation limit
  ---
  duration_ms: 1197.801594
  type: 'test'
  ...
# Subtest: context uses the last slot and prevents a subsequent model tool from executing
ok 45 - context uses the last slot and prevents a subsequent model tool from executing
  ---
  duration_ms: 969.207203
  type: 'test'
  ...
# Subtest: catalog drift on resume is rejected before effects while read-only queries need no catalog
ok 46 - catalog drift on resume is rejected before effects while read-only queries need no catalog
  ---
  duration_ms: 882.339535
  type: 'test'
  ...
# Subtest: confirmed context receipt can be reconstructed without another plugin launch
ok 47 - confirmed context receipt can be reconstructed without another plugin launch
  ---
  duration_ms: 991.466099
  type: 'test'
  ...
# Subtest: live cancellation during context collection drains the plugin and never dispatches a model
ok 48 - live cancellation during context collection drains the plugin and never dispatches a model
  ---
  duration_ms: 1745.567638
  type: 'test'
  ...
# Subtest: control accepts only selected IDs and terminals cannot consume context-reserved capacity
ok 49 - control accepts only selected IDs and terminals cannot consume context-reserved capacity
  ---
  duration_ms: 901.17475
  type: 'test'
  ...
# Subtest: invalid configuration, unsupported ports and excessive context reservation fail before a plugin effect
ok 50 - invalid configuration, unsupported ports and excessive context reservation fail before a plugin effect
  ---
  duration_ms: 126.960937
  type: 'test'
  ...
# Subtest: invalid and excessive context output cannot reach a model or verifier approval
ok 51 - invalid and excessive context output cannot reach a model or verifier approval
  ---
  duration_ms: 1844.337683
  type: 'test'
  ...
# Subtest: context approval is never auto-granted and pre-abort or expiry cannot dispatch
ok 52 - context approval is never auto-granted and pre-abort or expiry cannot dispatch
  ---
  duration_ms: 882.278318
  type: 'test'
  ...
# Subtest: uncertain plugin teardown blocks acceptance and remains visible after reopening task state
ok 53 - uncertain plugin teardown blocks acceptance and remains visible after reopening task state
  ---
  duration_ms: 1749.726836
  type: 'test'
  ...
# Subtest: operational runner stays at v4 and the gated fixture migration creates schema v2
ok 54 - operational runner stays at v4 and the gated fixture migration creates schema v2
  ---
  duration_ms: 10.565973
  type: 'test'
  ...
# Subtest: fixture schema gate rejects an operational database path
ok 55 - fixture schema gate rejects an operational database path
  ---
  duration_ms: 0.349138
  type: 'test'
  ...
# Subtest: fixture schema gate rejects symlink and hardlink aliases under /tmp
ok 56 - fixture schema gate rejects symlink and hardlink aliases under /tmp
  ---
  duration_ms: 1.113378
  type: 'test'
  ...
# Subtest: compare-and-append produces monotonic stream versions and global positions
ok 57 - compare-and-append produces monotonic stream versions and global positions
  ---
  duration_ms: 7.698151
  type: 'test'
  ...
# Subtest: a failure on the second row rolls back the complete append batch
ok 58 - a failure on the second row rolls back the complete append batch
  ---
  duration_ms: 4.267157
  type: 'test'
  ...
# Subtest: stale expected_version fails with a typed conflict and no implicit retry
ok 59 - stale expected_version fails with a typed conflict and no implicit retry
  ---
  duration_ms: 4.563613
  type: 'test'
  ...
# Subtest: an exact event-id retry is idempotent while changed or partial reuse fails
ok 60 - an exact event-id retry is idempotent while changed or partial reuse fails
  ---
  duration_ms: 4.56143
  type: 'test'
  ...
# Subtest: append metrics are dimensioned by aggregate type and defensively copied
ok 61 - append metrics are dimensioned by aggregate type and defensively copied
  ---
  duration_ms: 4.067532
  type: 'test'
  ...
# Subtest: ledger rows reject update/delete/replace and sensitive payload fields
ok 62 - ledger rows reject update/delete/replace and sensitive payload fields
  ---
  duration_ms: 4.811228
  type: 'test'
  ...
# Subtest: payload and actor require strict lossless JSON values
ok 63 - payload and actor require strict lossless JSON values
  ---
  duration_ms: 4.442927
  type: 'test'
  ...
# Subtest: ES-10 identifiers and timestamps fail closed
ok 64 - ES-10 identifiers and timestamps fail closed
  ---
  duration_ms: 4.27889
  type: 'test'
  ...
# Subtest: concurrent connections yield unique monotonic sequences with explicit caller retry
ok 65 - concurrent connections yield unique monotonic sequences with explicit caller retry
  ---
  duration_ms: 953.875057
  type: 'test'
  ...
# Subtest: job creation is data only, durable, temporally eligible and replayable
ok 66 - job creation is data only, durable, temporally eligible and replayable
  ---
  duration_ms: 91.260421
  type: 'test'
  ...
# Subtest: cancellation and idempotency preserve receipts and reject stale mutations
ok 67 - cancellation and idempotency preserve receipts and reject stale mutations
  ---
  duration_ms: 70.491049
  type: 'test'
  ...
# Subtest: dependencies and strict schedule reject invalid commands without records
ok 68 - dependencies and strict schedule reject invalid commands without records
  ---
  duration_ms: 84.343837
  type: 'test'
  ...
# Subtest: concurrent creates have one receipt; a job owns its future resource identity
ok 69 - concurrent creates have one receipt; a job owns its future resource identity
  ---
  duration_ms: 48.561359
  type: 'test'
  ...
# Subtest: replay rejects fabricated states and admission tampering
ok 70 - replay rejects fabricated states and admission tampering
  ---
  duration_ms: 46.015545
  type: 'test'
  ...
# Subtest: legacy binding is validated and pinned without initializing its provider
ok 71 - legacy binding is validated and pinned without initializing its provider
  ---
  duration_ms: 94.544014
  type: 'test'
  ...
# Subtest: replay rejects invalid admission even with recalculated digests and UTC compares instants
ok 72 - replay rejects invalid admission even with recalculated digests and UTC compares instants
  ---
  duration_ms: 49.353
  type: 'test'
  ...
# Subtest: replay cannot introduce absent or conflicting model sources
ok 73 - replay cannot introduce absent or conflicting model sources
  ---
  duration_ms: 50.515409
  type: 'test'
  ...
# Subtest: workflow definition is pinned without materializing children
ok 74 - workflow definition is pinned without materializing children
  ---
  duration_ms: 51.870182
  type: 'test'
  ...
# Subtest: resource ownership is rechecked after asynchronous admission in both directions
ok 75 - resource ownership is rechecked after asynchronous admission in both directions
  ---
  duration_ms: 43.156035
  type: 'test'
  ...
# Subtest: operational database remains at schema v4 without fixture activation
ok 76 - operational database remains at schema v4 without fixture activation
  ---
  duration_ms: 19.419589
  type: 'test'
  ...
# Subtest: production rejects a pre-existing pending schema even when its version is disguised
ok 77 - production rejects a pre-existing pending schema even when its version is disguised
  ---
  duration_ms: 25.741144
  type: 'test'
  ...
# Subtest: concurrent gated fixture startups serialize pending schema migration through version 12
ok 78 - concurrent gated fixture startups serialize pending schema migration through version 12
  ---
  duration_ms: 174.402699
  type: 'test'
  ...
# Subtest: startup waits for an existing SQLite writer before applying connection pragmas
ok 79 - startup waits for an existing SQLite writer before applying connection pragmas
  ---
  duration_ms: 119.903734
  type: 'test'
  ...
# Subtest: pending fixtures reject direct, symlinked, and hard-linked escape paths
ok 80 - pending fixtures reject direct, symlinked, and hard-linked escape paths
  ---
  duration_ms: 1.368681
  type: 'test'
  ...
1..80
# tests 80
# suites 0
# pass 80
# fail 0
# cancelled 0
# skipped 0
# todo 0
# duration_ms 52167.3403
