
> hseos@4.0.0-rc.0 test:engineering-task
> node --test --test-concurrency=1 test/test-engineering-executor.js test/test-engineering-model.js test/test-engineering-task-state.js test/test-engineering-task-runtime.js test/test-engineering-workflow-runtime.js test/test-workflow-v4-cli.js test/test-v4-lazy-cli.js

✔ Node command executes with read-only workspace, hidden controls and bounded resources (172.646177ms)
✔ Python cannot create Internet or Unix sockets (54.793257ms)
✔ output flooding is bounded and every descendant is drained (45.784453ms)
✔ cancellation eliminates a detached descendant holding output pipes (302.645695ms)
✔ parent exit drains detached descendants without waiting for their sleep (51.321943ms)
✔ forged policies and invalid budgets fail before launch (1.048167ms)
✔ a running command cannot exceed its wall-clock budget (211.346166ms)
✔ the process limit applies to the complete descendant group (62.50062ms)
✔ invalid UTF-8 cannot expand captured output beyond its byte budget (40.447714ms)
✔ memory exhaustion remains confined to the executor group (187.947764ms)
✔ bound engineering worker uses the broker and never persists its credential (4353.221983ms)
✔ engineering model dispatch rejects retries and missing credentials without egress (3.71467ms)
✔ Node implementation is independently approved and survives status reopen (1627.6203ms)
✔ Python bug correction is independently approved (1361.268671ms)
✔ Node regression correction preserves zero values (1487.196807ms)
✔ a completed model response without implementation fails independent verification (1316.621888ms)
✔ incorrect code cannot pass using a successful process exit (1474.148036ms)
✔ unknown tools never execute (1113.475225ms)
✔ a create-only task resumes with its original budget and sequence (2613.10216ms)
✔ cancel persists a separate task outcome and prevents later execution (1099.326563ms)
✔ cross-process cancellation waits for the running worker to drain its executor (2650.829718ms)
✔ cancellation after worker interruption reaps its executor before confirming (2608.404458ms)
✔ tampered verifier hash or acceptance is blocked before the first model turn (19.650483ms)
✔ gateway denies verifier, credential, and workspace escape paths (4033.000854ms)
✔ interruption after model completion resumes verification without replaying effects (5542.077819ms)
✔ invalid creation never poisons the durable stream (29.311032ms)
✔ snapshots require complete unique scope and accurate content digests (21.668864ms)
✔ approval requires versioned proof bound to contract, artifacts, session and isolation (12.711703ms)
✔ WorkflowEngine composes the three engineering tasks using independent outcomes (4648.575045ms)
✔ a completed model with a failed task prevents execution of dependent tasks (1345.77796ms)
✔ workflow validation rejects cycles and aggregate oversubscription before creating state (5.201251ms)
✔ workflow status and create-only resume use the canonical ledger (4534.408327ms)
✔ workflow cancellation before execution preserves all task artifacts and prevents resume (57.96662ms)
✔ workflow definition identity is protected after creation (28.382257ms)
✔ parallel tasks share the declared aggregate budget and release unused reservations (2656.869395ms)
✔ explicit migration converts eligible definitions without touching legacy history or executing tasks (78.186088ms)
✔ live workflow cancellation settles the active executor and preserves unstarted tasks (1712.01364ms)
✔ help and structural validation do not load optional integrations or query updates (385.966194ms)
✔ fresh minimal and engineering materialization excludes optional implementations and services (563.564695ms)
✔ public workflow CLI validates, executes and reopens a task graph (5549.52793ms)
✔ retired YAML mutations fail with migration guidance and preserve legacy state (1002.836211ms)
ℹ tests 41
ℹ suites 0
ℹ pass 41
ℹ fail 0
ℹ cancelled 0
ℹ skipped 0
ℹ todo 0
ℹ duration_ms 56539.741618
