TAP version 13
# Subtest: inspection and dependency resolution read bytes without importing external entry or conformance code
ok 1 - inspection and dependency resolution read bytes without importing external entry or conformance code
  ---
  duration_ms: 8.820751
  type: 'test'
  ...
# Subtest: admission is private, versioned and fixed to identity, kind, digest, compatibility, capabilities and ceilings
ok 2 - admission is private, versioned and fixed to identity, kind, digest, compatibility, capabilities and ceilings
  ---
  duration_ms: 12.852415
  type: 'test'
  ...
# Subtest: content and descriptor are rechecked after admission
ok 3 - content and descriptor are rechecked after admission
  ---
  duration_ms: 2.057901
  type: 'test'
  ...
# Subtest: manifest rejects unknown versions, extra fields, unbounded limits and ambiguous compatibility
ok 4 - manifest rejects unknown versions, extra fields, unbounded limits and ambiguous compatibility
  ---
  duration_ms: 1.874299
  type: 'test'
  ...
# Subtest: manifest rejects traversal, absolute paths, duplicate dependencies and conflicting file ancestry
ok 5 - manifest rejects traversal, absolute paths, duplicate dependencies and conflicting file ancestry
  ---
  duration_ms: 1.183366
  type: 'test'
  ...
# Subtest: file and directory symlinks, hardlinks, missing files and special files fail closed
ok 6 - file and directory symlinks, hardlinks, missing files and special files fail closed
  ---
  duration_ms: 1.755642
  type: 'test'
  ...
# Subtest: oversized or malformed manifest and content are bounded
ok 7 - oversized or malformed manifest and content are bounded
  ---
  duration_ms: 2.57466
  type: 'test'
  ...
# Subtest: dependency resolution pins transitively, orders predecessors and rejects missing, conflicting and duplicate choices
ok 8 - dependency resolution pins transitively, orders predecessors and rejects missing, conflicting and duplicate choices
  ---
  duration_ms: 1.50972
  type: 'test'
  ...
# Subtest: catalog v3 retains v2 compilation metadata and never routes execution descriptors through host conformance
ok 9 - catalog v3 retains v2 compilation metadata and never routes execution descriptors through host conformance
  ---
  duration_ms: 24.221562
  type: 'test'
  ...
# Subtest: admission requires every pinned dependency to have a live admitted identity
ok 10 - admission requires every pinned dependency to have a live admitted identity
  ---
  duration_ms: 9.882635
  type: 'test'
  ...
# Subtest: v3 compilation entries retain the existing manifests and unknown execution fields fail closed
ok 11 - v3 compilation entries retain the existing manifests and unknown execution fields fail closed
  ---
  duration_ms: 22.726873
  type: 'test'
  ...
1..11
# tests 11
# suites 0
# pass 11
# fail 0
# cancelled 0
# skipped 0
# todo 0
# duration_ms 208.774782
